[backblue.gif]
[fade.gif]
[index.html]
[webcoban.vn/home/image/favicon.png]
[webcoban.vn/home/image/logo.png]
[ajax.aspnetcdn.com/ajax/jQuery/jquery-1.12.0.min.js]
[webcoban.vn/home/image/tai-lieu-huong-dan-hoc-lap-trinh-web.png]
[webcoban.vn/home/image/tai-lieu-huong-dan-hoc-html.png]
[webcoban.vn/home/image/tai-lieu-huong-dan-hoc-css.png]
[webcoban.vn/home/image/tai-lieu-huong-dan-hoc-javascript.png]
[webcoban.vn/home/image/tai-lieu-huong-dan-hoc-mysql.png]
[webcoban.vn/home/image/tai-lieu-huong-dan-hoc-php.png]
[webcoban.vn/home/image/dmca.jpg]
[images.dmca.com/Badges/DMCABadgeHelper.min.js]
[webcoban.vn/home/js/home10.js]
[webcoban.vn/home/js/analytics.js]
[webcoban.vn/index.html]
[webcoban.vn/home/css/home10.css]
[webcoban.vn/home/font-awesome/fonts/fontawesome-webfont93e3.eot]
[webcoban.vn/home/font-awesome/fonts/fontawesome-webfontd41d.eot]
[webcoban.vn/home/font-awesome/fonts/fontawesome-webfont93e3.woff2]
[webcoban.vn/home/font-awesome/fonts/fontawesome-webfont93e3.woff]
[webcoban.vn/home/font-awesome/fonts/fontawesome-webfont93e3.ttf]
[webcoban.vn/home/font-awesome/css/font-awesome.min.css]
[webcoban.vn/image/html-la-gi.png]
[webcoban.vn/image/tai-lieu-hoc-html.png]
[webcoban.vn/image/tai-lieu-huong-dan-hoc-html.png]
[webcoban.vn/image/huong-dan-hoc-html.png]
[webcoban.vn/home/js/page.js]
[webcoban.vn/home/highlight/highlight.pack.js]
[webcoban.vn/html/default.html]
[webcoban.vn/image/tai-lieu-huong-dan-hoc-css.jpg]
[webcoban.vn/css/default.html]
[webcoban.vn/image/tai-lieu-hoc-javascript.gif]
[webcoban.vn/javascript/default.html]
[webcoban.vn/jquery/default.html]
[webcoban.vn/mysql/default.html]
[webcoban.vn/image/huong-dan-hoc-php-tai-lieu-hoc-php-php-la-gi.png]
[webcoban.vn/php/default.html]
[webcoban.vn/home/font-awesome/fonts/fontawesome-webfont93e3.svg]
[webcoban.vn/home/image/like.jpg]
[webcoban.vn/home/image/page-01.png]
[webcoban.vn/home/image/page-02.png]
[webcoban.vn/home/image/page-03.png]
[webcoban.vn/home/image/page-04.png]
[webcoban.vn/image/page03.png]
[webcoban.vn/image/page04.png]
[webcoban.vn/image/page06.png]
[webcoban.vn/image/page05.png]
[webcoban.vn/home/css/style10.css]
[webcoban.vn/home/highlight/default.css]
[webcoban.vn/bootstrap3/css/bootstrap.min.3295.css]
[webcoban.vn/image/cach-tao-va-chay-mot-tap-tin-html.jpg]
[webcoban.vn/image/cach-tao-va-chay-mot-tap-tin-html.png]
[webcoban.vn/image/cach-tao-mot-tap-tin-html-65.png]
[webcoban.vn/image/cach-tao-mot-tap-tin-html-50.png]
[webcoban.vn/home/image/lamp.png]
[webcoban.vn/image/cach-chay-mot-tap-tin-html.png]
[webcoban.vn/image/cach-thuc-thi-mot-tap-tin-html.png]
[webcoban.vn/image/cach-mo-file-html.png]
[webcoban.vn/image/cach-chay-file-html.png]
[webcoban.vn/html/cach-tao-va-chay-thuc-thi-mot-tap-tin-html.html]
[webcoban.vn/image/cau-truc-cua-mot-tap-tin-html.png]
[webcoban.vn/image/cau-truc-noi-dung-ben-trong-tap-tin-html.png]
[webcoban.vn/html/cau-truc-co-ban-cua-mot-tap-tin-html.html]
[webcoban.vn/image/doan-van-ban-trong-html.png]
[webcoban.vn/image/cach-tao-mot-doan-van-ban-trong-html.png]
[webcoban.vn/bootstrap3/js/bootstrap.min.2539.js]
[webcoban.vn/html/doan-van-ban-trong-html.html]
[webcoban.vn/image/the-tieu-de-heading-trong-html.png]
[webcoban.vn/html/the-tieu-de-heading-trong-html.html]
[webcoban.vn/home/image/close.png]
[webcoban.vn/bootstrap3/js/bootstrap.min.8015.js]
[webcoban.vn/html/cac-the-dinh-dang-van-ban-trong-html.html]
[webcoban.vn/bootstrap3/js/bootstrap.min.2222.js]
[webcoban.vn/html/phan-tu-html-html-element-la-gi.html]
[webcoban.vn/html/cach-ghi-chu-thich-trong-html.html]
[webcoban.vn/image/cat-2.jpg]
[webcoban.vn/image/sumo.jpg]
[webcoban.vn/bootstrap3/js/bootstrap.min.6363.js]
[webcoban.vn/html/cach-tao-mot-cai-lien-ket-link-trong-html.html]
[webcoban.vn/html/cach-tao-lien-ket-den-mot-vi-tri-ben-trong-trang-web.html]
[webcoban.vn/html/khai-niem-thuoc-tinh-cua-phan-tu-html.html]
[webcoban.vn/html/thuoc-tinh-style-trong-html.html]
[webcoban.vn/html/thuoc-tinh-id-va-thuoc-tinh-class-trong-html.html]
[webcoban.vn/bootstrap3/js/bootstrap.min.9792.js]
[webcoban.vn/html/phan-tu-khoi-va-phan-tu-noi-tuyen-trong-html.html]
[webcoban.vn/image/question.jpg]
[webcoban.vn/bootstrap3/js/bootstrap.min.5539.js]
[webcoban.vn/html/cach-su-dung-the-div-trong-html.html]
[webcoban.vn/image/hugo.jpg]
[webcoban.vn/html/cach-chen-hinh-anh-vao-trang-web-html.html]
[webcoban.vn/image/face.jpg]
[webcoban.vn/image/square.png]
[webcoban.vn/image/square-4.png]
[webcoban.vn/image/square-5.png]
[webcoban.vn/image/big-square-2.png]
[webcoban.vn/image/big-square-3.png]
[webcoban.vn/image/big-square-5.png]
[webcoban.vn/image/big-square-6.png]
[webcoban.vn/image/ban-do-anh-trong-html.png]
[webcoban.vn/bootstrap3/js/bootstrap.min.7573.js]
[webcoban.vn/html/cach-tao-mot-cai-ban-do-hinh-anh-image-map-trong-html.html]
[webcoban.vn/file/bunny.mp4]
[webcoban.vn/image/phude.jpg]
[webcoban.vn/image/cach-tao-mot-tap-tin-phu-de-vtt.png]
[webcoban.vn/image/phude2.jpg]
[webcoban.vn/bootstrap3/js/bootstrap.min.7626.js]
[webcoban.vn/html/cach-chen-mot-doan-phim-video-vao-trang-web.html]
[webcoban.vn/file/bell.mp3]
[webcoban.vn/bootstrap3/js/bootstrap.min.3848.js]
[webcoban.vn/html/cach-chen-mot-doan-audio-bai-hat-ban-nhac-am-thanh-vao-trang-web.html]
[webcoban.vn/bootstrap3/js/bootstrap.min.3323.js]
[webcoban.vn/html/cach-chen-iframe-khung-trang-web-vao-trang-web.html]
[webcoban.vn/image/chen-khung-youtube-vao-trang-web.jpg]
[webcoban.vn/image/chen-video-tren-youtube-vao-trang-web.png]
[webcoban.vn/image/nhung-youtube-vao-web.png]
[webcoban.vn/image/cach-nhung-mot-doan-clip-tren-youtube-vao-trang-web.png]
[webcoban.vn/image/chen-video-tren-youtube-vao-trang-web.jpg]
[webcoban.vn/bootstrap3/js/bootstrap.min.3621.js]
[webcoban.vn/html/cach-chen-mot-doan-video-tren-youtube-vao-trang-web.html]
[webcoban.vn/image/danh-sach-trong-html.jpg]
[webcoban.vn/bootstrap3/js/bootstrap.min.57.js]
[webcoban.vn/html/cach-tao-danh-sach-list-trong-html.html]
[webcoban.vn/bootstrap3/js/bootstrap.min.6114.js]
[webcoban.vn/html/cach-tao-bang-table-trong-html.html]
[webcoban.vn/file/ban-khai-nhan-khau.pdf]
[webcoban.vn/bootstrap3/js/bootstrap.min.9787.js]
[webcoban.vn/html/cach-chen-plug-in-vao-trang-web-html.html]
[webcoban.vn/bootstrap3/js/bootstrap.min.335.js]
[webcoban.vn/html/cac-ky-tu-thuc-the-trong-html.html]
[webcoban.vn/html/danh-sach-tat-ca-cac-the-tag-trong-html.html]
[webcoban.vn/html/danh-sach-tat-ca-cac-the-co-ban-trong-html.html]
[webcoban.vn/html/ma-ngon-ngu-language-code-trong-html.html]
[webcoban.vn/file/danh-sach-hoc-bong.html]
[webcoban.vn/bootstrap3/css/bootstrap.min.2494.css]
[webcoban.vn/bootstrap3/js/bootstrap.min.8903.js]
[webcoban.vn/css/cach-dinh-dang-cho-mot-phan-tu-html-bang-css.html]
[webcoban.vn/image/cac-cu-phap-co-ban-trong-css.png]
[webcoban.vn/css/nhung-kien-thuc-co-ban-trong-viec-viet-ma-css.html]
[webcoban.vn/image/mau-sac-color-trong-css.png]
[webcoban.vn/image/mau-sac-trong-css.png]
[webcoban.vn/image/color-trong-css.png]
[webcoban.vn/image/mot-so-van-de-ve-mau-sac-color-trong-css.png]
[webcoban.vn/bootstrap3/js/bootstrap.min.1401.js]
[webcoban.vn/css/cach-lay-ma-mau-cua-mot-mau-sac-color-trong-css.html]
[webcoban.vn/css/cach-xac-dinh-bo-chon-selector-cua-mot-phan-tu-trong-css.html]
[webcoban.vn/bootstrap3/js/bootstrap.min.8657.js]
[webcoban.vn/css/cau-truc-cua-mot-phan-tu-html.html]
[webcoban.vn/image/cat.jpg]
[webcoban.vn/css/cach-tao-duong-vien-border-cho-mot-phan-tu-html-trong-css.html]
[webcoban.vn/image/pattern.png]
[webcoban.vn/image/matrix.png]
[webcoban.vn/bootstrap3/js/bootstrap.min.4291.js]
[webcoban.vn/css/cach-su-dung-hinh-anh-de-lam-duong-vien-cho-phan-tu-html-trong-css.html]
[webcoban.vn/bootstrap3/js/bootstrap.min.2773.js]
[webcoban.vn/css/cach-thiet-lap-vung-dem-padding-cho-mot-phan-tu-trong-css.html]
[webcoban.vn/bootstrap3/js/bootstrap.min.7643.js]
[webcoban.vn/css/cach-su-dung-thuoc-tinh-margin-trong-css-de-thiet-lap-khoang-cach-le-cho-phan-tu.html]
[webcoban.vn/css/cach-chinh-mau-nen-cho-mot-phan-tu-html-trong-css.html]
[webcoban.vn/css/cach-thiet-lap-kich-thuoc-chieu-rong-chieu-cao-cho-mot-phan-tu-html-trong-css.html]
[webcoban.vn/css/cach-thiet-lap-hinh-nen-background-image-cho-phan-tu-trong-css.html]
[webcoban.vn/image/chinh-do-cong-goc-bo-tron-cho-phan-tu-bang-thuoc-tinh-border-radius.jpg]
[webcoban.vn/bootstrap3/js/bootstrap.min.2792.js]
[webcoban.vn/css/cach-tao-goc-bo-tron-chinh-do-cong-cho-cac-goc-cua-phan-tu-html-trong-css.html]
[webcoban.vn/image/father2.jpg]
[webcoban.vn/bootstrap3/js/bootstrap.min.1195.js]
[webcoban.vn/css/cach-tao-mot-cai-bong-box-shadow-cho-phan-tu-trong-css.html]
[webcoban.vn/css/cac-thuoc-tinh-dinh-dang-danh-sach-list-trong-css.html]
[webcoban.vn/bootstrap3/js/bootstrap.min.9094.js]
[webcoban.vn/css/cac-thuoc-tinh-dinh-dang-van-ban-text-trong-css.html]
[webcoban.vn/css/cach-xac-dinh-bo-chon-cua-phan-tu-dua-theo-quan-he-huyet-thong-trong-css.html]
[webcoban.vn/bootstrap3/js/bootstrap.min.3397.js]
[webcoban.vn/css/cach-xac-dinh-bo-chon-cua-phan-tu-trong-mot-so-truong-hop-dac-biet-trong-css.html]
[webcoban.vn/css/cach-xac-dinh-bo-chon-cua-mot-thanh-phan-nao-do-cua-phan-tu-trong-css.html]
[webcoban.vn/bootstrap3/js/bootstrap.min.2966.js]
[webcoban.vn/css/cac-thuoc-tinh-dinh-dang-bang-table-trong-css.html]
[webcoban.vn/css/cach-su-dung-thuoc-tinh-box-sizing-trong-css.html]
[webcoban.vn/css/dinh-dang-cho-cap-dau-ngoac-trich-dan-bang-thuoc-tinh-quotes-trong-css.html]
[webcoban.vn/image/cach-su-dung-thuoc-tinh-column-de-chia-mot-doan-van-ban-ra-thanh-nhieu-cot.png]
[webcoban.vn/bootstrap3/js/bootstrap.min.4855.js]
[webcoban.vn/css/cach-su-dung-thuoc-tinh-column-trong-css-de-chia-van-ban-ben-trong-phan-tu-ra-thanh-nhieu-cot.html]
[webcoban.vn/image/pineapple.jpg]
[webcoban.vn/bootstrap3/js/bootstrap.min.5371.js]
[webcoban.vn/css/cach-su-dung-thuoc-tinh-filter-trong-css-de-tao-hieu-ung-cho-hinh-anh.html]
[webcoban.vn/bootstrap3/js/bootstrap.min.7070.js]
[webcoban.vn/css/cach-chinh-do-trong-suot-cho-mot-phan-tu-html-bang-thuoc-tinh-opacity-trong-css.html]
[webcoban.vn/bootstrap3/js/bootstrap.min.7394.js]
[webcoban.vn/css/cach-su-dung-thuoc-tinh-overflow-trong-css-de-tao-thanh-cuon-trang-scroll-cho-phan-tu.html]
[webcoban.vn/bootstrap3/js/bootstrap.min.2281.js]
[webcoban.vn/css/cach-su-dung-thuoc-tinh-display-trong-css-de-thiet-lap-kieu-hien-thi-cua-phan-tu.html]
[webcoban.vn/css/cach-chinh-vi-tri-cho-mot-phan-tu-html-bang-thuoc-tinh-position-trong-css.html]
[webcoban.vn/bootstrap3/js/bootstrap.min.5594.js]
[webcoban.vn/css/cach-tao-hieu-ung-chuyen-dong-cho-mot-phan-tu-html-bang-thuoc-tinh-animation-trong-css.html]
[webcoban.vn/bootstrap3/js/bootstrap.min.3146.js]
[webcoban.vn/css/cach-su-dung-thuoc-tinh-transition-trong-css-de-tao-hieu-ung-luan-chuyen-gia-tri.html]
[webcoban.vn/css/cach-dinh-dang-cho-lien-ket-link-trong-css.html]
[webcoban.vn/image/layout-01.png]
[webcoban.vn/image/layout-02.png]
[webcoban.vn/bootstrap3/js/bootstrap.min.8977.js]
[webcoban.vn/css/cach-su-dung-thuoc-tinh-float-clear-trong-css.html]
[webcoban.vn/css/cach-chinh-do-uu-tien-hien-thi-cho-phan-tu-bang-thuoc-tinh-z-index-trong-css.html]
[webcoban.vn/image/cach-tao-tap-tin-javascript.png]
[webcoban.vn/image/cach-luu-tap-tin-javascript.png]
[webcoban.vn/javascript/cach-su-dung-javascript.html]
[webcoban.vn/javascript/cach-hien-thi-du-lieu-ra-man-hinh-trong-javascript.html]
[webcoban.vn/javascript/cau-lenh-javascript-la-gi-chuong-trinh-javascript-la-gi.html]
[webcoban.vn/javascript/nguyen-ly-thuc-thi-ma-lenh-trong-javascript.html]
[webcoban.vn/javascript/cach-viet-chu-thich-ghi-chu-trong-javascript.html]
[webcoban.vn/javascript/cach-su-dung-bien-trong-javascript.html]
[webcoban.vn/javascript/bieu-thuc-va-cac-toan-tu-trong-javascript.html]
[webcoban.vn/javascript/toan-tu-tang-mot-va-toan-tu-giam-mot-tien-to-hau-to-trong-javascript.html]
[webcoban.vn/javascript/toan-tu-gan-trong-javascript.html]
[webcoban.vn/javascript/cac-kieu-du-lieu-data-type-trong-javascript.html]
[webcoban.vn/javascript/toan-tu-so-sanh-va-toan-tu-logic-trong-javascript.html]
[webcoban.vn/javascript/cach-su-dung-ham-function-trong-javascript.html]
[webcoban.vn/image/cach-su-dung-doi-tuong-object-trong-javascript.png]
[webcoban.vn/image/cach-su-dung-doi-tuong-object-trong-javascript.jpg]
[webcoban.vn/image/cach-su-dung-doi-tuong-object-trong-javascript-758.jpg]
[webcoban.vn/javascript/cach-su-dung-doi-tuong-object-trong-javascript.html]
[webcoban.vn/javascript/tim-hieu-pham-vi-bien-trong-javascript.html]
[webcoban.vn/image/cach-su-dung-chuoi-string-trong-javascript.png]
[webcoban.vn/javascript/cach-su-dung-chuoi-string-trong-javascript.html]
[webcoban.vn/javascript/cac-phuong-thuc-xu-ly-chuoi-trong-javascript.html]
[webcoban.vn/javascript/bieu-thuc-chinh-quy-trong-javascript.html]
[webcoban.vn/javascript/cach-bat-su-kien-event-trong-javascript.html]
[webcoban.vn/javascript/so-number-trong-javascript.html]
[webcoban.vn/javascript/cac-phuong-thuc-xu-ly-so-trong-javascript.html]
[webcoban.vn/javascript/doi-tuong-number-trong-javascript.html]
[webcoban.vn/javascript/doi-tuong-toan-hoc-math-trong-javascript.html]
[webcoban.vn/javascript/ky-thuat-tao-mot-so-ngau-nhien-bang-phuong-thuc-random-trong-javascript.html]
[webcoban.vn/image/doi-tuong-ngay-thang-date-trong-javascript.png]
[webcoban.vn/javascript/doi-tuong-ngay-thang-date-trong-javascript.html]
[webcoban.vn/javascript/cach-dinh-dang-chuoi-ngay-thang-trong-javascript.html]
[webcoban.vn/javascript/cac-phuong-thuc-xu-ly-doi-tuong-ngay-thang-date-trong-javascript.html]
[webcoban.vn/javascript/tim-hieu-ve-mang-array-trong-javascript.html]
[webcoban.vn/javascript/cac-phuong-thuc-xu-ly-mang-trong-javascript.html]
[webcoban.vn/javascript/sap-xep-thu-tu-cac-phan-tu-trong-mang-javascript.html]
[webcoban.vn/javascript/cach-su-dung-lenh-dieu-kien-if-else-trong-javascript.html]
[webcoban.vn/javascript/cach-su-dung-lenh-switch-case-trong-javascript.html]
[webcoban.vn/javascript/cach-su-dung-vong-lap-for-trong-javascript.html]
[webcoban.vn/javascript/cach-su-dung-vong-lap-while-va-vong-lap-do-while-trong-javascript.html]
[webcoban.vn/javascript/cach-su-dung-lenh-break-va-continue-trong-javascript.html]
[webcoban.vn/javascript/lenh-try-catch-trong-javascript.html]
[webcoban.vn/image/cach-tim-nhung-cau-lenh-bi-loi-trong-chuong-trinh-javascript.png]
[webcoban.vn/image/cach-tim-nhung-cau-lenh-bi-loi-trong-chuong-trinh-javascript-742.png]
[webcoban.vn/image/cach-tim-nhung-cau-lenh-bi-loi-trong-chuong-trinh-javascript-256.png]
[webcoban.vn/image/cach-tim-nhung-cau-lenh-bi-loi-trong-chuong-trinh-javascript-512.png]
[webcoban.vn/javascript/cach-tim-va-sua-nhung-cau-lenh-bi-loi-trong-mot-chuong-trinh-javascript.html]
[webcoban.vn/javascript/thuat-ngu-hoisting-trong-javascript-hoisting-la-gi.html]
[webcoban.vn/javascript/che-do-nghiem-ngat-strict-mode-trong-javascript.html]
[webcoban.vn/javascript/khuon-kho-trinh-bay-ma-lenh-javascript.html]
[webcoban.vn/javascript/mot-so-thu-thuat-giup-nang-cao-hieu-suat-toc-do-ma-lenh-javascript.html]
[webcoban.vn/javascript/danh-sach-cac-tu-danh-rieng-reserved-words-trong-javascript.html]
[webcoban.vn/image/doi-tuong-screen-man-hinh-trong-javascript.png]
[webcoban.vn/javascript/doi-tuong-screen-man-hinh-trong-javascript.html]
[webcoban.vn/image/doi-tuong-location-trong-javascript.png]
[webcoban.vn/javascript/doi-tuong-location-trong-javascript.html]
[webcoban.vn/image/doi-tuong-history-trong-javascript-1.png]
[webcoban.vn/image/doi-tuong-history-trong-javascript-2.png]
[webcoban.vn/image/doi-tuong-history-trong-javascript.png]
[webcoban.vn/javascript/doi-tuong-history-trong-javascript.html]
[webcoban.vn/javascript/doi-tuong-navigator-trong-javascript.html]
[webcoban.vn/javascript/phuong-thuc-alert-confirm-prompt-trong-javascript.html]
[webcoban.vn/javascript/phuong-thuc-settimeout-va-setinterval-trong-javascript.html]
[webcoban.vn/javascript/cac-phuong-thuc-va-thuoc-tinh-cua-doi-tuong-location-trong-javascript.html]
[webcoban.vn/javascript/cac-phuong-thuc-va-thuoc-tinh-cua-doi-tuong-history-trong-javascript.html]
[webcoban.vn/javascript/cac-phuong-thuc-va-thuoc-tinh-cua-doi-tuong-navigator-trong-javascript.html]
[webcoban.vn/javascript/cac-ham-xu-ly-chuoi-trong-javascript.html]
[webcoban.vn/javascript/cac-ham-xu-ly-mang-trong-javascript.html]
[webcoban.vn/javascript/cac-phuong-thuc-xu-ly-ngay-thang-trong-javascript.html]
[webcoban.vn/javascript/bieu-thuc-chinh-quy-regular-expressions-trong-javascript.html]
[webcoban.vn/jquery/cu-phap-cua-jquery.html]
[webcoban.vn/jquery/bai-03-jquery-selectors.html]
[webcoban.vn/image/trollface.gif]
[webcoban.vn/jquery/cach-hien-an-phan-tu-html-bang-phuong-thuc-show-hide-trong-jquery.html]
[webcoban.vn/jquery/cach-hien-an-phan-tu-voi-hieu-ung-phai-mau-trong-jquery.html]
[webcoban.vn/jquery/ham-callback-trong-jquery.html]
[webcoban.vn/jquery/cach-hien-an-phan-tu-voi-hieu-ung-truot-trong-jquery.html]
[webcoban.vn/image/trollface.png]
[webcoban.vn/image/trollface2.png]
[webcoban.vn/image/trollface3.png]
[webcoban.vn/jquery/hieu-ung-dong-animation-trong-jquery.html]
[webcoban.vn/jquery/ket-thuc-hieu-ung-bang-phuong-thuc-stop-trong-jquery.html]
[webcoban.vn/jquery/cac-phuong-thuc-lay-noi-dung-va-thuoc-tinh-trong-jquery.html]
[webcoban.vn/jquery/xoa-phan-tu-html-trong-jquery.html]
[webcoban.vn/jquery/cac-phuong-thuc-thiet-lap-thuoc-tinh-class-trong-jquery.html]
[webcoban.vn/jquery/cach-chon-cac-phan-tu-to-tien-trong-jquery.html]
[webcoban.vn/jquery/tat-ca-bo-chon-trong-jquery.html]
[webcoban.vn/jquery/tat-ca-su-kien-trong-jquery.html]
[webcoban.vn/jquery/danh-sach-tat-ca-cac-phuong-thuc-trong-jquery.html]
[webcoban.vn/jquery/cac-phuong-thuc-dung-de-thao-tac-voi-html-css-trong-jquery.html]
[webcoban.vn/image/huong-dan-cai-dat-xampp-668.png]
[webcoban.vn/image/huong-dan-cai-dat-xampp-843.png]
[webcoban.vn/mysql/huong-dan-cai-dat-xampp.html]
[webcoban.vn/image/huong-dan-cai-dat-xampp.png]
[webcoban.vn/image/cach-chay-lenh-mysql-tren-phpmyadmin.png]
[webcoban.vn/image/cach-chay-lenh-mysql-tren-phpmyadmin-308.png]
[webcoban.vn/image/cach-chay-lenh-mysql-tren-phpmyadmin-163.png]
[webcoban.vn/image/cach-chay-lenh-mysql-tren-phpmyadmin-235.png]
[webcoban.vn/mysql/cach-chay-lenh-mysql-tren-phpmyadmin.html]
[webcoban.vn/mysql/mo-hinh-phan-cap-trong-mysql.html]
[webcoban.vn/mysql/cau-lenh-tao-database-trong-mysql.html]
[webcoban.vn/mysql/cac-kieu-du-lieu-trong-mysql.html]
[webcoban.vn/mysql/cau-lenh-tao-bang-trong-mysql.html]
[webcoban.vn/mysql/cach-them-du-lieu-vao-bang-trong-mysql.html]
[webcoban.vn/mysql/cach-truy-xuat-du-lieu-trong-mysql.html]
[webcoban.vn/mysql/truy-xuat-du-lieu-dua-theo-dieu-kien-trong-mysql.html]
[webcoban.vn/mysql/truy-xuat-du-lieu-dua-theo-nhieu-dieu-kien-trong-mysql.html]
[webcoban.vn/mysql/order-by-lay-ket-qua-theo-thu-tu-trong-mysql.html]
[webcoban.vn/mysql/distinct-truy-xuat-cac-du-lieu-khac-nhau-trong-mysql.html]
[webcoban.vn/mysql/limit-gioi-han-so-luong-ket-qua-tra-ve-trong-mysql.html]
[webcoban.vn/mysql/in-truy-xuat-du-lieu-khi-thoa-mot-trong-so-cac-gia-tri.html]
[webcoban.vn/mysql/between-truy-xuat-du-lieu-trong-mot-khoang-gia-tri-trong-mysql.html]
[webcoban.vn/mysql/like-truy-xuat-du-lieu-dua-theo-chuoi-trong-mysql.html]
[webcoban.vn/mysql/delete-xoa-du-lieu-cua-bang-trong-mysql.html]
[webcoban.vn/mysql/update-cap-nhat-du-lieu-trong-bang-trong-mysql.html]
[webcoban.vn/mysql/as-dat-lai-ten-cho-bang-cot-trong-mysql.html]
[webcoban.vn/image/menh-de-inner-join-trong-mysql.png]
[webcoban.vn/mysql/ghep-bang-bang-menh-de-inner-join-trong-mysql.html]
[webcoban.vn/image/menh-de-left-join-trong-mysql.png]
[webcoban.vn/mysql/ghep-bang-bang-menh-de-left-join-trong-mysql.html]
[webcoban.vn/image/menh-de-right-join-trong-mysql.png]
[webcoban.vn/mysql/ghep-bang-bang-menh-de-right-join-trong-mysql.html]
[webcoban.vn/image/menh-de-full-join-trong-mysql.png]
[webcoban.vn/mysql/ghep-bang-bang-menh-de-full-join-trong-mysql.html]
[webcoban.vn/mysql/alter-sua-doi-cau-truc-bang-trong-mysql.html]
[webcoban.vn/mysql/not-null-khong-cho-phep-nhan-gia-tri-null-trong-mysql.html]
[webcoban.vn/mysql/primary-key-tao-khoa-chinh-trong-mysql.html]
[webcoban.vn/mysql/avg-lay-gia-tri-trung-binh-cua-cot-trong-mysql.html]
[webcoban.vn/mysql/count-dem-so-luong-mau-tin-du-lieu-hang-cua-bang-trong-mysql.html]
[webcoban.vn/mysql/ham-max-lay-gia-tri-lon-nhat-cua-cot-trong-mysql.html]
[webcoban.vn/mysql/ham-min-lay-gia-tri-nho-nhat-cua-cot-trong-mysql.html]
[webcoban.vn/mysql/ham-sum-lay-gia-tri-tong-cua-mot-cot-trong-mysql.html]
[webcoban.vn/mysql/ham-round-lam-tron-so-trong-mysql.html]
[webcoban.vn/mysql/ham-substring-lay-chuoi-con-trong-mysql.html]
[webcoban.vn/mysql/ham-upper-doi-chu-hoa-trong-mysql.html]
[webcoban.vn/mysql/ham-lower-doi-chu-thuong-trong-mysql.html]
[webcoban.vn/php/cai-dat-may-chu-web-tren-may-tinh-localhost-bang-xampp.html]
[webcoban.vn/image/cach-tao-va-chay-mot-tap-tin-php.png]
[webcoban.vn/image/cach-tao-va-chay-mot-tap-tin-php-759.png]
[webcoban.vn/image/cach-tao-va-chay-mot-tap-tin-php-609.png]
[webcoban.vn/php/cach-tao-va-chay-mot-tap-tin-php.html]
[webcoban.vn/php/quy-tac-viet-ma-lenh-trong-tap-tin-php.html]
[webcoban.vn/php/cach-hien-thi-noi-dung-len-man-hinh-trong-php.html]
[webcoban.vn/php/cach-khai-bao-va-su-dung-bien-trong-php.html]
[webcoban.vn/php/cach-su-dung-chuoi-trong-php.html]
[webcoban.vn/php/cach-ghi-chu-thich-trong-php.html]
[webcoban.vn/php/cach-su-dung-lenh-if-else-trong-php.html]
[webcoban.vn/php/cach-su-dung-lenh-switch-case-trong-php.html]
[webcoban.vn/php/cach-su-dung-vong-lap-for-foreach-trong-php.html]
[webcoban.vn/php/cach-su-dung-vong-lap-while-do-while-trong-php.html]
[webcoban.vn/php/cach-khai-bao-va-su-dung-ham-function-trong-php.html]
[webcoban.vn/php/cac-ham-xu-ly-chuoi-trong-php.html]
[webcoban.vn/php/cac-ham-xu-ly-mang-trong-php.html]
[webcoban.vn/php/cac-ham-xu-ly-ngay-thang-va-thoi-gian-trong-php.html]
[webcoban.vn/php/cac-ham-dung-de-lam-viec-voi-tap-tin-file-trong-php.html]
[webcoban.vn/php/cac-ham-dung-de-quan-ly-thu-muc-trong-php.html]
[webcoban.vn/php/cac-ham-toan-hoc-math-trong-php.html]
[webcoban.vn/php/danh-sach-cac-mui-gio-timezones-trong-php.html]
[cse.google.com/cse07b6.js]
[webcoban.vn/bootstrap3/css/bootstrap.min.2675.css]
[webcoban.vn/bootstrap3/css/bootstrap.min.9526.css]
[webcoban.vn/html/demo2f8e.html]
[webcoban.vn/bootstrap3/css/bootstrap.min.3136.css]
[webcoban.vn/home/js/codecl.js]
[webcoban.vn/html/demo4151.html]
[webcoban.vn/html/demo557a.html]
[webcoban.vn/html/demo9aef.html]
[webcoban.vn/html/demo25c5.html]
[webcoban.vn/html/demof9c7.html]
[webcoban.vn/html/demobb8b.html]
[webcoban.vn/bootstrap3/css/bootstrap.min.4772.css]
[webcoban.vn/bootstrap3/css/bootstrap.min.5213.css]
[webcoban.vn/html/demoded5.html]
[webcoban.vn/html/demoa031.html]
[webcoban.vn/html/demod2b8.html]
[webcoban.vn/html/demo4089.html]
[webcoban.vn/bootstrap3/css/bootstrap.min.8632.css]
[webcoban.vn/html/demofa94.html]
[webcoban.vn/html/demo129f.html]
[webcoban.vn/home/js/jquery.js]
[webcoban.vn/html/demo0d23.html]
[webcoban.vn/file/hello.txt]
[webcoban.vn/html/democ85c.html]
[webcoban.vn/file/tai-lieu-hoc-lap-trinh-web.html]
[webcoban.vn/file/example01.html]
[webcoban.vn/file/example02.html]
[webcoban.vn/file/example03.html]
[webcoban.vn/bootstrap3/css/bootstrap.min.7568.css]
[webcoban.vn/html/demof877.html]
[webcoban.vn/html/demo1f6d.html]
[webcoban.vn/html/demo3a38.html]
[webcoban.vn/bootstrap3/css/bootstrap.min.6217.css]
[webcoban.vn/html/demoebf7.html]
[webcoban.vn/html/demoe4b1.html]
[webcoban.vn/html/demo2179.html]
[webcoban.vn/bootstrap3/css/bootstrap.min.2368.css]
[webcoban.vn/html/demo26ea.html]
[webcoban.vn/html/demob81f.html]
[webcoban.vn/html/demo168f.html]
[webcoban.vn/html/demoffec.html]
[webcoban.vn/html/demoab4b.html]
[webcoban.vn/bootstrap3/css/bootstrap.min.6708.css]
[webcoban.vn/bootstrap3/css/bootstrap.min.7078.css]
[webcoban.vn/html/demoa84d.html]
[webcoban.vn/html/democ5ba.html]
[webcoban.vn/html/demo52b5.html]
[webcoban.vn/bootstrap3/css/bootstrap.min.4489.css]
[webcoban.vn/html/demo03ed.html]
[webcoban.vn/html/demo9186.html]
[webcoban.vn/html/demo10d9.html]
[webcoban.vn/html/demoe2fb.html]
[webcoban.vn/html/demo045a.html]
[webcoban.vn/image/sword.png]
[webcoban.vn/html/democ6ae.html]
[webcoban.vn/html/demoef08.html]
[webcoban.vn/html/demo60e1.html]
[webcoban.vn/html/demo495c.html]
[webcoban.vn/bootstrap3/css/bootstrap.min.7878.css]
[webcoban.vn/html/demo0939.html]
[webcoban.vn/html/demoe233.html]
[webcoban.vn/html/demo5a80.html]
[webcoban.vn/html/demo4028.html]
[webcoban.vn/html/demo21dc.html]
[webcoban.vn/html/demo5744.html]
[webcoban.vn/html/demo9c80.html]
[webcoban.vn/html/demo83bc.html]
[webcoban.vn/html/demo4df6.html]
[webcoban.vn/html/demo5a59.html]
[webcoban.vn/bootstrap3/css/bootstrap.min.5660.css]
[webcoban.vn/file/phude_vi.html]
[webcoban.vn/file/phude_en.html]
[webcoban.vn/html/demo3087.html]
[webcoban.vn/html/demod4f0.html]
[webcoban.vn/html/demo0df8.html]
[webcoban.vn/html/demo594e.html]
[webcoban.vn/html/demo8ee3.html]
[webcoban.vn/html/demo4cdb.html]
[webcoban.vn/html/demo8a96.html]
[webcoban.vn/html/demob9f3.html]
[webcoban.vn/bootstrap3/css/bootstrap.min.808.css]
[webcoban.vn/html/democ8a9.html]
[webcoban.vn/html/demo15ba.html]
[webcoban.vn/bootstrap3/css/bootstrap.min.5882.css]
[webcoban.vn/image/hugo2.jpg]
[webcoban.vn/html/democ559.html]
[webcoban.vn/html/demo0293.html]
[webcoban.vn/html/demoa23a.html]
[webcoban.vn/html/demo4e81.html]
[webcoban.vn/html/demo5f19.html]
[webcoban.vn/html/demoec4f.html]
[webcoban.vn/html/demoe0ec.html]
[webcoban.vn/html/demo693a.html]
[webcoban.vn/html/demo5475.html]
[webcoban.vn/html/demo8c7a.html]
[webcoban.vn/bootstrap3/css/bootstrap.min.4315.css]
[webcoban.vn/html/demo7e08.html]
[webcoban.vn/html/demo9cda.html]
[webcoban.vn/html/demo7d31.html]
[webcoban.vn/html/democ959.html]
[webcoban.vn/html/democed8.html]
[webcoban.vn/html/demo004d.html]
[webcoban.vn/html/demo9905.html]
[webcoban.vn/html/demo39fa.html]
[webcoban.vn/html/demo3694.html]
[webcoban.vn/html/demo800f.html]
[webcoban.vn/html/demo4c23.html]
[webcoban.vn/bootstrap3/css/bootstrap.min.9663.css]
[webcoban.vn/html/demod934.html]
[webcoban.vn/html/demo7d5e.html]
[webcoban.vn/html/demo7505.html]
[webcoban.vn/html/demofbe9.html]
[webcoban.vn/html/demof508.html]
[webcoban.vn/html/demo19ae.html]
[webcoban.vn/html/demoaa72.html]
[webcoban.vn/html/demoae24.html]
[webcoban.vn/bootstrap3/css/bootstrap.min.9011.css]
[webcoban.vn/html/demo8a40.html]
[webcoban.vn/html/demo7f8a.html]
[webcoban.vn/html/demo37e6.html]
[webcoban.vn/html/demo08ac.html]
[webcoban.vn/html/demo8076.html]
[webcoban.vn/html/demo4d4d.html]
[webcoban.vn/html/demob018.html]
[webcoban.vn/html/demo7c97.html]
[webcoban.vn/html/demo01df.html]
[webcoban.vn/html/demo2f82.html]
[webcoban.vn/html/demoe4d4.html]
[webcoban.vn/html/demo0bac.html]
[webcoban.vn/html/demo93a0.html]
[webcoban.vn/html/demo1706.html]
[webcoban.vn/html/demo7878.html]
[webcoban.vn/bootstrap3/css/bootstrap.min.1822.css]
[webcoban.vn/html/demo4ec7.html]
[webcoban.vn/html/demo0858.html]
[webcoban.vn/html/demod6b6.html]
[webcoban.vn/html/demo72ca.html]
[webcoban.vn/html/demof5d1.html]
[webcoban.vn/html/demo72e6.html]
[webcoban.vn/html/demo116f.html]
[webcoban.vn/html/democ42f.html]
[webcoban.vn/bootstrap3/css/bootstrap.min.1551.css]
[webcoban.vn/html/demo2ff4.html]
[webcoban.vn/html/demo70ea.html]
[webcoban.vn/html/demoe857.html]
[webcoban.vn/html/demo8a98.html]
[webcoban.vn/html/demo3ba9.html]
[webcoban.vn/html/democ43f.html]
[webcoban.vn/html/demoe872.html]
[webcoban.vn/html/demoa976.html]
[webcoban.vn/html/demobcf9.html]
[webcoban.vn/html/demo0810.html]
[webcoban.vn/html/demod4b7.html]
[webcoban.vn/html/demodca8.html]
[webcoban.vn/html/democ01a.html]
[webcoban.vn/html/demodabb.html]
[webcoban.vn/html/demo5e5f.html]
[webcoban.vn/html/demoa2a9.html]
[webcoban.vn/html/demo9181.html]
[webcoban.vn/html/demo12cf.html]
[webcoban.vn/html/demo559f.html]
[webcoban.vn/html/demo2dc6.html]
[webcoban.vn/html/the-trong-html-ghi-chu-thich.html]
[webcoban.vn/html/the-doctype-trong-html.html]
[webcoban.vn/html/the-a-trong-html-tao-mot-lien-ket.html]
[webcoban.vn/html/the-abbr-trong-html.html]
[webcoban.vn/html/the-address-trong-html.html]
[webcoban.vn/html/the-audio-trong-html-tao-mot-trinh-nghe-nhac-cho-trang-web.html]
[webcoban.vn/html/the-b-trong-html-in-dam-van-ban.html]
[webcoban.vn/html/the-base-trong-html.html]
[webcoban.vn/html/the-bdo-trong-html-dao-nguoc-chieu-van-ban.html]
[webcoban.vn/html/the-big-trong-html-tao-chu-to-hon-binh-thuong.html]
[webcoban.vn/html/the-blockquote-trong-html.html]
[webcoban.vn/html/the-body-trong-html.html]
[webcoban.vn/html/the-br-trong-html-ngat-xuong-dong.html]
[webcoban.vn/html/the-caption-trong-html-tao-tieu-de-cho-bang.html]
[webcoban.vn/html/the-code-trong-html.html]
[webcoban.vn/html/the-del-trong-html-ke-ngang-van-ban.html]
[webcoban.vn/html/the-details-summary-trong-html.html]
[webcoban.vn/html/the-dialog-trong-html.html]
[webcoban.vn/html/the-div-trong-html.html]
[webcoban.vn/html/the-em-trong-html.html]
[webcoban.vn/html/the-embed-trong-html.html]
[webcoban.vn/html/the-figcaption-trong-html.html]
[webcoban.vn/html/the-figure-trong-html.html]
[webcoban.vn/html/the-footer-trong-html.html]
[webcoban.vn/image/thuoc-tinh-cursor-6.png]
[webcoban.vn/image/thuoc-tinh-cursor-27.png]
[webcoban.vn/html/the-frame-trong-html.html]
[webcoban.vn/html/the-frameset-trong-html.html]
[webcoban.vn/html/the-heading-h1-h6-trong-html.html]
[webcoban.vn/html/the-head-trong-html.html]
[webcoban.vn/html/the-header-trong-html.html]
[webcoban.vn/html/the-hr-trong-html.html]
[webcoban.vn/html/the-html-trong-html.html]
[webcoban.vn/html/the-i-trong-html.html]
[webcoban.vn/html/the-iframe-trong-html-nhung-mot-trang-web-khac-vao-trang-web-hien-tai.html]
[webcoban.vn/image/flower.gif]
[webcoban.vn/image/face.png]
[webcoban.vn/html/the-img-trong-html-chen-hinh-anh-vao-trang-web.html]
[webcoban.vn/html/the-ins-trong-html.html]
[webcoban.vn/html/the-kbd-trong-html.html]
[webcoban.vn/html/the-li-trong-html-tao-danh-muc-cho-danh-sach.html]
[webcoban.vn/html/the-main-trong-html.html]
[webcoban.vn/image/big-square.png]
[webcoban.vn/html/the-map-va-area-trong-html-tao-mot-ban-do-hinh-anh.html]
[webcoban.vn/html/the-mark-trong-html.html]
[webcoban.vn/image/thuoc-tinh-name-author-trong-the-meta-html.png]
[webcoban.vn/html/the-meta-trong-html.html]
[webcoban.vn/html/the-meter-trong-html.html]
[webcoban.vn/html/the-nav-trong-html.html]
[webcoban.vn/html/the-noframes-trong-html.html]
[webcoban.vn/html/the-noscript-trong-html.html]
[webcoban.vn/html/the-object-trong-html.html]
[webcoban.vn/html/the-ol-trong-html-tao-danh-sach-co-thu-tu.html]
[webcoban.vn/html/the-p-trong-html.html]
[webcoban.vn/html/the-pre-trong-html.html]
[webcoban.vn/html/the-progress-trong-html-tao-thanh-tien-trinh.html]
[webcoban.vn/html/the-q-trong-html.html]
[webcoban.vn/html/the-s-trong-html.html]
[webcoban.vn/html/the-script-trong-html.html]
[webcoban.vn/html/the-small-trong-html.html]
[webcoban.vn/html/the-source-trong-html.html]
[webcoban.vn/html/the-span-trong-html.html]
[webcoban.vn/html/the-strong-trong-html-in-dam-van-ban.html]
[webcoban.vn/html/the-style-trong-html.html]
[webcoban.vn/html/the-sub-trong-html.html]
[webcoban.vn/html/the-sup-trong-html.html]
[webcoban.vn/html/the-table-trong-html-cach-tao-bang.html]
[webcoban.vn/html/the-tbody-trong-html.html]
[webcoban.vn/html/the-td-trong-html.html]
[webcoban.vn/html/the-tfoot-trong-html.html]
[webcoban.vn/html/the-th-trong-html.html]
[webcoban.vn/html/the-thead-trong-html.html]
[webcoban.vn/html/the-time-trong-html.html]
[webcoban.vn/image/the-title-trong-html.png]
[webcoban.vn/html/the-title-trong-html-tao-tieu-de-cho-trang-web.html]
[webcoban.vn/html/the-tr-trong-html-tao-mot-hang-trong-bang.html]
[webcoban.vn/html/the-track-trong-html-tao-phu-de-cho-video.html]
[webcoban.vn/html/the-u-trong-html-gach-duoi-chan-van-ban.html]
[webcoban.vn/html/the-ul-trong-html-tao-danh-sach-khong-co-thu-tu.html]
[webcoban.vn/html/the-video-trong-html-tao-mot-trinh-xem-phim-cho-trang-web.html]
[webcoban.vn/html/the-wbr-trong-html.html]
[webcoban.vn/bootstrap3/css/bootstrap.min.5323.css]
[webcoban.vn/css/democae8.html]
[webcoban.vn/css/demo6eb1.html]
[webcoban.vn/css/demo78a3.html]
[webcoban.vn/css/demof96e.html]
[webcoban.vn/bootstrap3/css/bootstrap.min.3275.css]
[webcoban.vn/css/demo8370.html]
[webcoban.vn/css/demo17bc.html]
[webcoban.vn/css/demo3774.html]
[webcoban.vn/bootstrap3/css/bootstrap.min.9997.css]
[webcoban.vn/css/demoa290.html]
[webcoban.vn/bootstrap3/css/bootstrap.min.5449.css]
[webcoban.vn/css/demoe2bb.html]
[webcoban.vn/css/demofd6a.html]
[webcoban.vn/css/demof270.html]
[webcoban.vn/css/demo7ac9.html]
[webcoban.vn/css/demo06be.html]
[webcoban.vn/css/demo2880.html]
[webcoban.vn/css/demo44da.html]
[webcoban.vn/css/demof504.html]
[webcoban.vn/css/demo10cb.html]
[webcoban.vn/css/demo0d12.html]
[webcoban.vn/css/demob506.html]
[webcoban.vn/css/demoa6f6.html]
[webcoban.vn/bootstrap3/css/bootstrap.min.3.css]
[webcoban.vn/bootstrap3/css/bootstrap.min.5503.css]
[webcoban.vn/css/demo5357.html]
[webcoban.vn/css/demob214.html]
[webcoban.vn/css/demo740e.html]
[webcoban.vn/css/demoa69b.html]
[webcoban.vn/css/demo568a.html]
[webcoban.vn/css/demo0c9f.html]
[webcoban.vn/css/demo4a34.html]
[webcoban.vn/css/demo767d.html]
[webcoban.vn/css/demo9dfa.html]
[webcoban.vn/css/demod503.html]
[webcoban.vn/css/demo0a0d.html]
[webcoban.vn/image/border01.png]
[webcoban.vn/bootstrap3/css/bootstrap.min.4232.css]
[webcoban.vn/css/demob3d8.html]
[webcoban.vn/css/demo336a.html]
[webcoban.vn/css/demo3495.html]
[webcoban.vn/css/democ448.html]
[webcoban.vn/css/demoe602.html]
[webcoban.vn/css/demo31ff.html]
[webcoban.vn/css/demo367d.html]
[webcoban.vn/bootstrap3/css/bootstrap.min.6345.css]
[webcoban.vn/css/demo3364.html]
[webcoban.vn/css/demo69ac.html]
[webcoban.vn/css/demodab7.html]
[webcoban.vn/css/demoe0b0.html]
[webcoban.vn/css/demo8526.html]
[webcoban.vn/css/demo05a1.html]
[webcoban.vn/css/demo560d.html]
[webcoban.vn/bootstrap3/css/bootstrap.min.5511.css]
[webcoban.vn/css/democ545.html]
[webcoban.vn/css/demod542.html]
[webcoban.vn/css/democe1a.html]
[webcoban.vn/css/demo3b98.html]
[webcoban.vn/css/demo2663.html]
[webcoban.vn/css/demo922b.html]
[webcoban.vn/css/democ1c7.html]
[webcoban.vn/css/demoda6c.html]
[webcoban.vn/bootstrap3/css/bootstrap.min.9712.css]
[webcoban.vn/css/demo336c.html]
[webcoban.vn/css/demoed50.html]
[webcoban.vn/css/demof388.html]
[webcoban.vn/css/demo31c0.html]
[webcoban.vn/css/democ89d.html]
[webcoban.vn/bootstrap3/css/bootstrap.min.3656.css]
[webcoban.vn/css/demo8650.html]
[webcoban.vn/css/demo264e.html]
[webcoban.vn/css/demo6f5e.html]
[webcoban.vn/css/demo89c6.html]
[webcoban.vn/css/demo6325.html]
[webcoban.vn/css/demodd3f.html]
[webcoban.vn/css/demo2663-2.html]
[webcoban.vn/css/demoa730.html]
[webcoban.vn/css/demo829f.html]
[webcoban.vn/css/demo5ecf.html]
[webcoban.vn/image/hinh-nen-background-image-trong-css.jpg]
[webcoban.vn/bootstrap3/css/bootstrap.min.7704.css]
[webcoban.vn/css/demo1cc0.html]
[webcoban.vn/css/demo3fe8.html]
[webcoban.vn/css/demo20cf.html]
[webcoban.vn/css/demo42e2.html]
[webcoban.vn/css/demo515f.html]
[webcoban.vn/css/demob9d3.html]
[webcoban.vn/css/demo5839.html]
[webcoban.vn/css/demo5c9a.html]
[webcoban.vn/css/demod217.html]
[webcoban.vn/css/demo49ee.html]
[webcoban.vn/css/demo0993.html]
[webcoban.vn/css/demo33e7.html]
[webcoban.vn/css/demob9c9.html]
[webcoban.vn/css/demo30c5.html]
[webcoban.vn/css/demoea0b.html]
[webcoban.vn/css/demo12c0.html]
[webcoban.vn/css/demob61e.html]
[webcoban.vn/css/demo23eb.html]
[webcoban.vn/css/demo301a.html]
[webcoban.vn/css/demo05ab.html]
[webcoban.vn/bootstrap3/css/bootstrap.min.1660.css]
[webcoban.vn/css/demo43fa.html]
[webcoban.vn/css/demof004.html]
[webcoban.vn/css/demoed35.html]
[webcoban.vn/css/democ284.html]
[webcoban.vn/css/demo4212.html]
[webcoban.vn/css/demod786.html]
[webcoban.vn/css/demofc38.html]
[webcoban.vn/css/demoe754.html]
[webcoban.vn/bootstrap3/css/bootstrap.min.4079.css]
[webcoban.vn/css/demo7c5b.html]
[webcoban.vn/css/demo5726.html]
[webcoban.vn/css/demoe21b.html]
[webcoban.vn/css/demoa28e.html]
[webcoban.vn/css/demo16a2.html]
[webcoban.vn/css/demo9b01.html]
[webcoban.vn/css/demo0059.html]
[webcoban.vn/css/demoedd2.html]
[webcoban.vn/bootstrap3/css/bootstrap.min.954.css]
[webcoban.vn/css/demo5537.html]
[webcoban.vn/css/demo40ca.html]
[webcoban.vn/css/demo6945.html]
[webcoban.vn/css/demof497.html]
[webcoban.vn/css/demod4ed.html]
[webcoban.vn/css/demo76df.html]
[webcoban.vn/css/demo073d.html]
[webcoban.vn/bootstrap3/css/bootstrap.min.2512.css]
[webcoban.vn/css/demo0937.html]
[webcoban.vn/css/demo5b2a.html]
[webcoban.vn/css/demod1d6.html]
[webcoban.vn/css/demo4d04.html]
[webcoban.vn/css/demo90de.html]
[webcoban.vn/css/demo1be2.html]
[webcoban.vn/css/demoa421.html]
[webcoban.vn/css/demo918b.html]
[webcoban.vn/css/demo2fbc.html]
[webcoban.vn/css/demo73ac.html]
[webcoban.vn/css/demo323f.html]
[webcoban.vn/css/demo7592.html]
[webcoban.vn/css/demo7756.html]
[webcoban.vn/css/demobbdb.html]
[webcoban.vn/css/demob323.html]
[webcoban.vn/css/demo0ebf.html]
[webcoban.vn/css/demo2d6c.html]
[webcoban.vn/css/demo18cf.html]
[webcoban.vn/css/demo1586.html]
[webcoban.vn/css/demo2828.html]
[webcoban.vn/css/demo7558.html]
[webcoban.vn/css/demo0e33.html]
[webcoban.vn/css/demo3ac1.html]
[webcoban.vn/css/demo154c.html]
[webcoban.vn/css/demo0cda.html]
[webcoban.vn/css/demo1aeb.html]
[webcoban.vn/css/demo3803.html]
[webcoban.vn/css/demoe7e2.html]
[webcoban.vn/css/demodff3.html]
[webcoban.vn/css/demo8751.html]
[webcoban.vn/css/demo76ac.html]
[webcoban.vn/css/demof2e9.html]
[webcoban.vn/css/demo8625.html]
[webcoban.vn/bootstrap3/css/bootstrap.min.8788.css]
[webcoban.vn/css/demo350d.html]
[webcoban.vn/css/demo0c5e.html]
[webcoban.vn/css/demo8015.html]
[webcoban.vn/css/demod570.html]
[webcoban.vn/css/demo5e55.html]
[webcoban.vn/css/demob0e5.html]
[webcoban.vn/css/demob3b3.html]
[webcoban.vn/css/demo13d9.html]
[webcoban.vn/css/demoee05.html]
[webcoban.vn/css/demof029.html]
[webcoban.vn/css/demo7016.html]
[webcoban.vn/css/demo430e.html]
[webcoban.vn/home/image/page-05.png]
[webcoban.vn/bootstrap3/css/bootstrap.min.2690.css]
[webcoban.vn/css/demoa5ef.html]
[webcoban.vn/css/demo1ae0.html]
[webcoban.vn/css/demo106f.html]
[webcoban.vn/css/demo0c62.html]
[webcoban.vn/css/demo326f.html]
[webcoban.vn/css/demo0042.html]
[webcoban.vn/css/demo54fa.html]
[webcoban.vn/css/demob18d.html]
[webcoban.vn/css/demoae1e.html]
[webcoban.vn/css/demoee2f.html]
[webcoban.vn/css/demo7c0c.html]
[webcoban.vn/css/demo59c1.html]
[webcoban.vn/css/demoebfd.html]
[webcoban.vn/css/demo7b3c.html]
[webcoban.vn/css/demo89b9.html]
[webcoban.vn/css/demoe047.html]
[webcoban.vn/css/demo2dc1.html]
[webcoban.vn/css/demo6ffb.html]
[webcoban.vn/bootstrap3/css/bootstrap.min.8137.css]
[webcoban.vn/css/demod1d8.html]
[webcoban.vn/css/demo46af.html]
[webcoban.vn/css/demo16bf.html]
[webcoban.vn/css/demoe047-2.html]
[webcoban.vn/css/demod4d5.html]
[webcoban.vn/bootstrap3/css/bootstrap.min.8819.css]
[webcoban.vn/css/demo51fb.html]
[webcoban.vn/css/demo80eb.html]
[webcoban.vn/css/demo98bf.html]
[webcoban.vn/css/demo8136.html]
[webcoban.vn/css/demo3cd0.html]
[webcoban.vn/css/demo0043.html]
[webcoban.vn/css/demo42bd.html]
[webcoban.vn/css/demoef01.html]
[webcoban.vn/css/demo00ef.html]
[webcoban.vn/css/demo6416.html]
[webcoban.vn/css/demofb99.html]
[webcoban.vn/css/demobdcc.html]
[webcoban.vn/css/demo898c.html]
[webcoban.vn/css/demod309.html]
[webcoban.vn/css/demo2558.html]
[webcoban.vn/bootstrap3/css/bootstrap.min.9086.css]
[webcoban.vn/css/demo258e.html]
[webcoban.vn/css/demo0922.html]
[webcoban.vn/bootstrap3/css/bootstrap.min.4609.css]
[webcoban.vn/css/demo63c8.html]
[webcoban.vn/bootstrap3/css/bootstrap.min.3139.css]
[webcoban.vn/css/demo11a7.html]
[webcoban.vn/css/demo520d.html]
[webcoban.vn/css/demo30ac.html]
[webcoban.vn/css/demo92e6.html]
[webcoban.vn/css/demo4089.html]
[webcoban.vn/css/demoe017.html]
[webcoban.vn/css/demoa448.html]
[webcoban.vn/css/demo48c5.html]
[webcoban.vn/css/demoe53e.html]
[webcoban.vn/bootstrap3/css/bootstrap.min.8879.css]
[webcoban.vn/css/demoabb6.html]
[webcoban.vn/css/demo940f.html]
[webcoban.vn/css/demo9843.html]
[webcoban.vn/css/demoa533.html]
[webcoban.vn/bootstrap3/css/bootstrap.min.5500.css]
[webcoban.vn/css/demob323-2.html]
[webcoban.vn/css/demo6719.html]
[webcoban.vn/css/democ373.html]
[webcoban.vn/bootstrap3/css/bootstrap.min.5846.css]
[webcoban.vn/css/demo4567.html]
[webcoban.vn/css/demo88d1.html]
[webcoban.vn/css/demo4f17.html]
[webcoban.vn/css/demo02ac.html]
[webcoban.vn/css/demoe904.html]
[webcoban.vn/css/demoe6ed.html]
[webcoban.vn/css/demo6ae5.html]
[webcoban.vn/bootstrap3/css/bootstrap.min.2957.css]
[webcoban.vn/css/demo7b4e.html]
[webcoban.vn/css/demo44a0.html]
[webcoban.vn/css/demo6e0c.html]
[webcoban.vn/css/demo5a1f.html]
[webcoban.vn/css/demo14da.html]
[webcoban.vn/bootstrap3/css/bootstrap.min.6097.css]
[webcoban.vn/css/democd83.html]
[webcoban.vn/css/demo2c6f.html]
[webcoban.vn/css/demo9e23.html]
[webcoban.vn/css/demo81a3.html]
[webcoban.vn/css/demoa2ea.html]
[webcoban.vn/css/demod087.html]
[webcoban.vn/css/demo757b.html]
[webcoban.vn/bootstrap3/css/bootstrap.min.5334.css]
[webcoban.vn/css/demod558.html]
[webcoban.vn/css/demof24b.html]
[webcoban.vn/css/demof054.html]
[webcoban.vn/css/demoe605.html]
[webcoban.vn/css/demo0e88.html]
[webcoban.vn/css/demo64b9.html]
[webcoban.vn/css/demo7a29.html]
[webcoban.vn/css/demo12a4.html]
[webcoban.vn/css/demo7b8a.html]
[webcoban.vn/css/demod5d2.html]
[webcoban.vn/css/demo5711.html]
[webcoban.vn/css/demo2440.html]
[webcoban.vn/bootstrap3/css/bootstrap.min.9167.css]
[webcoban.vn/css/demo4593.html]
[webcoban.vn/css/demo9e35.html]
[webcoban.vn/css/demo45ec.html]
[webcoban.vn/css/demo9863.html]
[webcoban.vn/css/demo3e71.html]
[webcoban.vn/css/demo75c2.html]
[webcoban.vn/bootstrap3/css/bootstrap.min.8414.css]
[webcoban.vn/css/demo893d.html]
[webcoban.vn/css/demo4db8.html]
[webcoban.vn/css/demo16ab.html]
[webcoban.vn/bootstrap3/css/bootstrap.min.1707.css]
[webcoban.vn/css/demoad4f.html]
[webcoban.vn/image/page.png]
[webcoban.vn/css/demo14e8.html]
[webcoban.vn/css/demod593.html]
[webcoban.vn/css/demo3734.html]
[webcoban.vn/css/demo958c.html]
[webcoban.vn/css/democf7c.html]
[webcoban.vn/css/demod71c.html]
[webcoban.vn/css/demo61e1.html]
[webcoban.vn/css/demo5083.html]
[webcoban.vn/bootstrap3/css/bootstrap.min.9595.css]
[webcoban.vn/css/demo32e6.html]
[webcoban.vn/css/demo3d63.html]
[webcoban.vn/css/demo973d.html]
[webcoban.vn/css/demo42e3.html]
[webcoban.vn/css/demoa030.html]
[webcoban.vn/javascript/demodd91.html]
[webcoban.vn/xem/lienket/522.html]
[webcoban.vn/javascript/democ30e.html]
[webcoban.vn/xem/lienket/18.html]
[webcoban.vn/javascript/demo1574.html]
[webcoban.vn/javascript/demo48f2.html]
[webcoban.vn/javascript/demo02a1.html]
[webcoban.vn/javascript/demod403.html]
[webcoban.vn/javascript/demo5ce2.html]
[webcoban.vn/javascript/demo6a4b.html]
[webcoban.vn/javascript/democdd7.html]
[webcoban.vn/javascript/demoe26c.html]
[webcoban.vn/javascript/demoabd4.html]
[webcoban.vn/javascript/demo04b9.html]
[webcoban.vn/javascript/demo0a6f.html]
[webcoban.vn/javascript/demo5fed.html]
[webcoban.vn/javascript/demo6edb.html]
[webcoban.vn/javascript/demo1870.html]
[webcoban.vn/javascript/demoffd8.html]
[webcoban.vn/javascript/democ394.html]
[webcoban.vn/javascript/demo6776.html]
[webcoban.vn/javascript/demo27b7.html]
[webcoban.vn/javascript/demo31b0.html]
[webcoban.vn/javascript/demo4f09.html]
[webcoban.vn/javascript/demo15ce.html]
[webcoban.vn/javascript/democef0.html]
[webcoban.vn/xem/lienket/272.html]
[webcoban.vn/javascript/demo7e0f.html]
[webcoban.vn/javascript/demo7b6d.html]
[webcoban.vn/javascript/demo7af9.html]
[webcoban.vn/javascript/demoe77b.html]
[webcoban.vn/javascript/demo65df.html]
[webcoban.vn/javascript/demodc49.html]
[webcoban.vn/javascript/demofaf2.html]
[webcoban.vn/javascript/demo96cd.html]
[webcoban.vn/javascript/demo72da.html]
[webcoban.vn/javascript/demo2b22.html]
[webcoban.vn/javascript/demo0a00.html]
[webcoban.vn/xem/lienket/551.html]
[webcoban.vn/javascript/demo3386.html]
[webcoban.vn/javascript/demo70e1.html]
[webcoban.vn/javascript/demo6c04.html]
[webcoban.vn/javascript/demoacf0.html]
[webcoban.vn/javascript/demo8d72.html]
[webcoban.vn/javascript/demo80be.html]
[webcoban.vn/javascript/demob28b.html]
[webcoban.vn/javascript/demobbeb.html]
[webcoban.vn/javascript/demo3829.html]
[webcoban.vn/javascript/demodc58.html]
[webcoban.vn/javascript/demo0efd.html]
[webcoban.vn/javascript/demo56b3.html]
[webcoban.vn/javascript/demo51b2.html]
[webcoban.vn/javascript/demo38aa.html]
[webcoban.vn/javascript/demo33da.html]
[webcoban.vn/javascript/demo26fe.html]
[webcoban.vn/javascript/demo0558.html]
[webcoban.vn/javascript/demo52f5.html]
[webcoban.vn/javascript/demo6db8.html]
[webcoban.vn/javascript/demobd8e.html]
[webcoban.vn/javascript/demodf15.html]
[webcoban.vn/javascript/demoe609.html]
[webcoban.vn/javascript/demo890d.html]
[webcoban.vn/javascript/demo43ee.html]
[webcoban.vn/javascript/demo745b.html]
[webcoban.vn/javascript/demo3e1d.html]
[webcoban.vn/javascript/demofb13.html]
[webcoban.vn/javascript/demo9962.html]
[webcoban.vn/javascript/demob5af.html]
[webcoban.vn/javascript/demo68fb.html]
[webcoban.vn/javascript/demo7975.html]
[webcoban.vn/javascript/demo478b.html]
[webcoban.vn/javascript/demo010f.html]
[webcoban.vn/javascript/demod556.html]
[webcoban.vn/javascript/demoad1d.html]
[webcoban.vn/javascript/demo63a1.html]
[webcoban.vn/javascript/demofc0d.html]
[webcoban.vn/javascript/demof006.html]
[webcoban.vn/javascript/democ4d8.html]
[webcoban.vn/javascript/demo8944.html]
[webcoban.vn/javascript/demo805b.html]
[webcoban.vn/javascript/demo05e3.html]
[webcoban.vn/javascript/demo5099.html]
[webcoban.vn/javascript/demo22cc.html]
[webcoban.vn/javascript/demo1bc8.html]
[webcoban.vn/javascript/demo3fb4.html]
[webcoban.vn/javascript/demoba08.html]
[webcoban.vn/javascript/demo8ed2.html]
[webcoban.vn/javascript/demo462a.html]
[webcoban.vn/javascript/demo663d.html]
[webcoban.vn/javascript/demo1e88.html]
[webcoban.vn/javascript/demod425.html]
[webcoban.vn/javascript/demo83ee.html]
[webcoban.vn/javascript/demo379a.html]
[webcoban.vn/javascript/demo5e55.html]
[webcoban.vn/javascript/demobb1a.html]
[webcoban.vn/javascript/demo5f5e.html]
[webcoban.vn/javascript/demof6da.html]
[webcoban.vn/javascript/demo6204.html]
[webcoban.vn/javascript/demo10d2.html]
[webcoban.vn/javascript/demoe5c4.html]
[webcoban.vn/javascript/demod8bd.html]
[webcoban.vn/javascript/demo8de6.html]
[webcoban.vn/javascript/demo013d.html]
[webcoban.vn/javascript/demo6307.html]
[webcoban.vn/javascript/democbe3.html]
[webcoban.vn/javascript/demod28a.html]
[webcoban.vn/javascript/demo9c0c.html]
[webcoban.vn/javascript/demob414.html]
[webcoban.vn/javascript/demoa157.html]
[webcoban.vn/javascript/demoe2fb.html]
[webcoban.vn/javascript/demo0ed4.html]
[webcoban.vn/javascript/demo63e6.html]
[webcoban.vn/javascript/demo6a30.html]
[webcoban.vn/javascript/demoe944.html]
[webcoban.vn/javascript/demoa7db.html]
[webcoban.vn/javascript/demoa4dc.html]
[webcoban.vn/javascript/democe49.html]
[webcoban.vn/javascript/demo0dca.html]
[webcoban.vn/javascript/demo1f28.html]
[webcoban.vn/javascript/demo3e3d.html]
[webcoban.vn/javascript/demo3c69.html]
[webcoban.vn/javascript/demoa3e6.html]
[webcoban.vn/javascript/demo6b44.html]
[webcoban.vn/javascript/demo8259.html]
[webcoban.vn/javascript/demo526f.html]
[webcoban.vn/javascript/demo25ab.html]
[webcoban.vn/javascript/demoac55.html]
[webcoban.vn/javascript/demo58b8.html]
[webcoban.vn/javascript/demo6552.html]
[webcoban.vn/javascript/demo007d.html]
[webcoban.vn/javascript/demoee86.html]
[webcoban.vn/javascript/demo7519.html]
[webcoban.vn/javascript/demobd91.html]
[webcoban.vn/javascript/demo06d7.html]
[webcoban.vn/javascript/demo8a63.html]
[webcoban.vn/javascript/demo5d39.html]
[webcoban.vn/javascript/demo341b.html]
[webcoban.vn/javascript/democa27.html]
[webcoban.vn/javascript/demofdf5.html]
[webcoban.vn/javascript/demof4c2.html]
[webcoban.vn/javascript/demo0f15.html]
[webcoban.vn/javascript/demo9616.html]
[webcoban.vn/javascript/demo1993.html]
[webcoban.vn/javascript/demodf90.html]
[webcoban.vn/javascript/demo9e5d.html]
[webcoban.vn/javascript/demo2fac.html]
[webcoban.vn/javascript/demoebfb.html]
[webcoban.vn/javascript/demob5e5.html]
[webcoban.vn/javascript/demob333.html]
[webcoban.vn/javascript/demoa4ed.html]
[webcoban.vn/javascript/demo28bf.html]
[webcoban.vn/javascript/demo9281.html]
[webcoban.vn/javascript/demo2ae0.html]
[webcoban.vn/javascript/demo2daa.html]
[webcoban.vn/javascript/demo4bc1.html]
[webcoban.vn/javascript/demofc6a.html]
[webcoban.vn/javascript/demodfcc.html]
[webcoban.vn/javascript/demo00f2.html]
[webcoban.vn/javascript/demoa5d8.html]
[webcoban.vn/javascript/demo9fd2.html]
[webcoban.vn/javascript/democa0e.html]
[webcoban.vn/javascript/demo3d82.html]
[webcoban.vn/javascript/demo63f3.html]
[webcoban.vn/javascript/demo1432.html]
[webcoban.vn/javascript/demo22a3.html]
[webcoban.vn/javascript/demoe3d0.html]
[webcoban.vn/javascript/demo8cc3.html]
[webcoban.vn/javascript/demoe020.html]
[webcoban.vn/javascript/demoa759.html]
[webcoban.vn/javascript/demo1c2f.html]
[webcoban.vn/javascript/demo41fb.html]
[webcoban.vn/javascript/demo982c.html]
[webcoban.vn/javascript/democc86.html]
[webcoban.vn/javascript/demo0455.html]
[webcoban.vn/javascript/demo225f.html]
[webcoban.vn/javascript/democ9a0.html]
[webcoban.vn/javascript/demo4ca7.html]
[webcoban.vn/javascript/demo4c43.html]
[webcoban.vn/javascript/demo1576.html]
[webcoban.vn/xem/lienket/571.html]
[webcoban.vn/javascript/demo8181.html]
[webcoban.vn/javascript/demo36cb.html]
[webcoban.vn/javascript/demo55b7.html]
[webcoban.vn/javascript/demo1f5a.html]
[webcoban.vn/javascript/demo30db.html]
[webcoban.vn/javascript/demod4ab.html]
[webcoban.vn/javascript/demod3e2.html]
[webcoban.vn/javascript/demo9334.html]
[webcoban.vn/javascript/demo4622.html]
[webcoban.vn/javascript/demoe7c4.html]
[webcoban.vn/javascript/demo02b7.html]
[webcoban.vn/javascript/demo8ee9.html]
[webcoban.vn/javascript/demo2169.html]
[webcoban.vn/javascript/demo6288.html]
[webcoban.vn/javascript/demo4e39.html]
[webcoban.vn/javascript/demo62a6.html]
[webcoban.vn/javascript/demo74ed.html]
[webcoban.vn/javascript/democe71.html]
[webcoban.vn/javascript/demo3faa.html]
[webcoban.vn/javascript/demoe21e.html]
[webcoban.vn/javascript/demof9a1.html]
[webcoban.vn/javascript/demo1f53.html]
[webcoban.vn/javascript/demo7c3d.html]
[webcoban.vn/javascript/demo6ee5.html]
[webcoban.vn/javascript/demo0833.html]
[webcoban.vn/javascript/demo7eb7.html]
[webcoban.vn/javascript/demo47ac.html]
[webcoban.vn/javascript/demo5a92.html]
[webcoban.vn/javascript/demo5c0b.html]
[webcoban.vn/javascript/demoef87.html]
[webcoban.vn/javascript/demo6ee7.html]
[webcoban.vn/javascript/demof68d.html]
[webcoban.vn/javascript/demoeaca.html]
[webcoban.vn/javascript/demoe208.html]
[webcoban.vn/javascript/demo54d6.html]
[webcoban.vn/javascript/demobb67.html]
[webcoban.vn/javascript/demodb50.html]
[webcoban.vn/javascript/demo8429.html]
[webcoban.vn/javascript/demo4f1e.html]
[webcoban.vn/javascript/demo4839.html]
[webcoban.vn/javascript/demodb0c.html]
[webcoban.vn/javascript/demo5728.html]
[webcoban.vn/javascript/demo2e7b.html]
[webcoban.vn/javascript/demo5dbc.html]
[webcoban.vn/javascript/demof247.html]
[webcoban.vn/javascript/demoe18d.html]
[webcoban.vn/javascript/demo2dc1.html]
[webcoban.vn/javascript/demo544e.html]
[webcoban.vn/javascript/demodac3.html]
[webcoban.vn/javascript/democb80.html]
[webcoban.vn/javascript/demo90f8.html]
[webcoban.vn/javascript/demo51a4.html]
[webcoban.vn/javascript/demo5b9d.html]
[webcoban.vn/javascript/demo0669.html]
[webcoban.vn/javascript/demo71c3.html]
[webcoban.vn/javascript/demo5698.html]
[webcoban.vn/javascript/demo3e0c.html]
[webcoban.vn/javascript/demo420a.html]
[webcoban.vn/javascript/demo0949.html]
[webcoban.vn/javascript/demo3da9.html]
[webcoban.vn/javascript/demo5879.html]
[webcoban.vn/javascript/demo1f38.html]
[webcoban.vn/javascript/demobef1.html]
[webcoban.vn/javascript/demob879.html]
[webcoban.vn/javascript/demo5b91.html]
[webcoban.vn/javascript/demo18cb.html]
[webcoban.vn/javascript/demoa3e7.html]
[webcoban.vn/javascript/demob5da.html]
[webcoban.vn/javascript/demodae4.html]
[webcoban.vn/javascript/demo0130.html]
[webcoban.vn/javascript/demo6008.html]
[webcoban.vn/javascript/demo51e1.html]
[webcoban.vn/javascript/demo27be.html]
[webcoban.vn/javascript/demoe593.html]
[webcoban.vn/javascript/democ1d8.html]
[webcoban.vn/javascript/demo9bb9.html]
[webcoban.vn/javascript/demo12ac.html]
[webcoban.vn/javascript/demo406c.html]
[webcoban.vn/javascript/democaea.html]
[webcoban.vn/javascript/demoa572.html]
[webcoban.vn/javascript/demo6e90.html]
[webcoban.vn/javascript/demo5150.html]
[webcoban.vn/javascript/demo704d.html]
[webcoban.vn/javascript/demof75d.html]
[webcoban.vn/javascript/demo70a5.html]
[webcoban.vn/javascript/demo15d8.html]
[webcoban.vn/javascript/demo9b87.html]
[webcoban.vn/javascript/demo6782.html]
[webcoban.vn/javascript/demof4bc.html]
[webcoban.vn/javascript/demo20be.html]
[webcoban.vn/javascript/democe28.html]
[webcoban.vn/javascript/demo2bfd.html]
[webcoban.vn/javascript/demofd22.html]
[webcoban.vn/javascript/demoa76e.html]
[webcoban.vn/javascript/demo700e.html]
[webcoban.vn/javascript/demo31e2.html]
[webcoban.vn/javascript/demo5f2b.html]
[webcoban.vn/javascript/demoe8f6.html]
[webcoban.vn/javascript/demo84ae.html]
[webcoban.vn/javascript/demodf28.html]
[webcoban.vn/javascript/demo79ff.html]
[webcoban.vn/javascript/demofaca.html]
[webcoban.vn/javascript/demo483c.html]
[webcoban.vn/javascript/demoa503.html]
[webcoban.vn/javascript/demo9fad.html]
[webcoban.vn/javascript/demo1251.html]
[webcoban.vn/javascript/demo232b.html]
[webcoban.vn/javascript/demo6422.html]
[webcoban.vn/javascript/demo3e3c.html]
[webcoban.vn/javascript/demoe631.html]
[webcoban.vn/javascript/demo6bab.html]
[webcoban.vn/javascript/democe0b.html]
[webcoban.vn/javascript/demoe9d5.html]
[webcoban.vn/javascript/demo3dc9.html]
[webcoban.vn/javascript/demo5a31.html]
[webcoban.vn/javascript/demobc0f.html]
[webcoban.vn/javascript/demoaf37.html]
[webcoban.vn/javascript/demod517.html]
[webcoban.vn/javascript/demobb82.html]
[webcoban.vn/javascript/demo58e1.html]
[webcoban.vn/javascript/demo5ad9.html]
[webcoban.vn/javascript/demoa7d0.html]
[webcoban.vn/javascript/demoe7f1.html]
[webcoban.vn/javascript/demo554d.html]
[webcoban.vn/javascript/demo8c86.html]
[webcoban.vn/javascript/demo2d58.html]
[webcoban.vn/javascript/demob048.html]
[webcoban.vn/javascript/demobe28.html]
[webcoban.vn/javascript/demo4009.html]
[webcoban.vn/javascript/demo0510.html]
[webcoban.vn/javascript/demob4d8.html]
[webcoban.vn/javascript/demo9c04.html]
[webcoban.vn/javascript/demo8ddb.html]
[webcoban.vn/javascript/demo4c6c.html]
[webcoban.vn/javascript/demoa3b6.html]
[webcoban.vn/javascript/demo36bc.html]
[webcoban.vn/javascript/demoa202.html]
[webcoban.vn/javascript/demo694d.html]
[webcoban.vn/javascript/demo1304.html]
[webcoban.vn/javascript/demoa456.html]
[webcoban.vn/javascript/demo6871.html]
[webcoban.vn/javascript/demo1c7f.html]
[webcoban.vn/javascript/demoff31.html]
[webcoban.vn/javascript/demo6b4f.html]
[webcoban.vn/javascript/demo9015.html]
[webcoban.vn/javascript/demob2ad.html]
[webcoban.vn/javascript/demo5ec9.html]
[webcoban.vn/javascript/democ100.html]
[webcoban.vn/javascript/demo0cae.html]
[webcoban.vn/javascript/demo81ea.html]
[webcoban.vn/javascript/demo50a4.html]
[webcoban.vn/xem/lienket/526.html]
[webcoban.vn/javascript/demofd7c.html]
[webcoban.vn/javascript/demobe4f.html]
[webcoban.vn/javascript/demo0dcd.html]
[webcoban.vn/javascript/demofabe.html]
[webcoban.vn/javascript/demo780b.html]
[webcoban.vn/javascript/demo8f08.html]
[webcoban.vn/javascript/demo945c.html]
[webcoban.vn/javascript/demo7186.html]
[webcoban.vn/javascript/demo154e.html]
[webcoban.vn/javascript/demoba2e.html]
[webcoban.vn/javascript/demof22e.html]
[webcoban.vn/javascript/democ15f.html]
[webcoban.vn/javascript/demod9e8.html]
[webcoban.vn/xem/lienket/542.html]
[webcoban.vn/javascript/demoffc8.html]
[webcoban.vn/javascript/demodb19.html]
[webcoban.vn/javascript/demo6703.html]
[webcoban.vn/javascript/demo6046.html]
[webcoban.vn/javascript/demo90f2.html]
[webcoban.vn/javascript/demo5623.html]
[webcoban.vn/javascript/demob085.html]
[webcoban.vn/javascript/demod33e.html]
[webcoban.vn/javascript/demo7ede.html]
[webcoban.vn/javascript/demo112d.html]
[webcoban.vn/javascript/demo2f54.html]
[webcoban.vn/javascript/demo55d4.html]
[webcoban.vn/javascript/demobd9b.html]
[webcoban.vn/javascript/demo59c1.html]
[webcoban.vn/javascript/demo43d0.html]
[webcoban.vn/javascript/cach-lay-url-cua-trang-web-dang-truy-cap-trong-javascript.html]
[webcoban.vn/javascript/lay-giao-thuc-cua-trang-web-location-protocol-trong-javascript.html]
[webcoban.vn/javascript/lay-ten-may-chu-cua-trang-web-location-hostname-trong-javascript.html]
[webcoban.vn/javascript/location-pathname-trong-javascript.html]
[webcoban.vn/javascript/location-search-trong-javascript.html]
[webcoban.vn/javascript/location-hash-trong-javascript.html]
[webcoban.vn/javascript/tai-lai-trang-phuong-thuc-location-reload-trong-javascript.html]
[webcoban.vn/javascript/dieu-huong-chuyen-sang-trang-khac-location-replace-trong-javascript.html]
[webcoban.vn/javascript/dieu-huong-chuyen-sang-trang-khac-location-assign-trong-javascript.html]
[webcoban.vn/image/quay-ve-trang-truoc-history-back-trong-javascript.png]
[webcoban.vn/javascript/quay-lai-trang-truoc-phuong-thuc-history-back-trong-javascript.html]
[webcoban.vn/image/tien-toi-trang-sau-history-forward-trong-javascript.png]
[webcoban.vn/javascript/toi-trang-ke-tiep-phuong-thuc-history-forward-trong-javascript.html]
[webcoban.vn/javascript/phuong-thuc-history-go-trong-javascript.html]
[webcoban.vn/javascript/history-length-trong-javascript.html]
[webcoban.vn/javascript/lay-ten-ma-cua-trinh-duyet-navigator-appcodename-trong-javascript.html]
[webcoban.vn/javascript/lay-ten-trinh-duyet-navigator-appname-trong-javascript.html]
[webcoban.vn/javascript/lay-thong-tin-phien-ban-cua-trinh-duyet-navigator-appversion-trong-javascript.html]
[webcoban.vn/javascript/cach-kiem-tra-trinh-duyet-co-bat-cookie-hay-khong-trong-javascript.html]
[webcoban.vn/javascript/phien-ban-ngon-ngu-cua-trinh-duyet-navigator-language-trong-javascript.html]
[webcoban.vn/javascript/thuoc-tinh-navigator-platform-trong-javascript.html]
[webcoban.vn/javascript/thuoc-tinh-navigator-product-trong-javascript.html]
[webcoban.vn/javascript/cach-kiem-tra-trinh-duyet-co-bat-java-hay-khong-trong-javascript.html]
[webcoban.vn/javascript/charat-trong-javascript-lay-ky-tu-tai-mot-vi-tri-duoc-xac-dinh-trong-chuoi.html]
[webcoban.vn/javascript/phuong-thuc-charcodeat-trong-javascript.html]
[webcoban.vn/javascript/concat-trong-javascript-ghep-noi-hai-hoac-nhieu-chuoi-lai-voi-nhau.html]
[webcoban.vn/javascript/endswith-trong-javascript-kiem-tra-chuoi-co-ket-thuc-boi-ky-tu-duoc-chi-dinh-hay-khong.html]
[webcoban.vn/javascript/fromcharcode-trong-javascript-chuyen-doi-gia-tri-unicode-sang-ky-tu.html]
[webcoban.vn/javascript/indexof-trong-javascript-tim-vi-tri-xuat-hien-dau-tien-cua-mot-chuoi-ky-tu.html]
[webcoban.vn/javascript/lastindexof-trong-javascript-tim-vi-tri-xuat-hien-cuoi-cung-cua-mot-chuoi-ky-tu.html]
[webcoban.vn/javascript/startswith-trong-javascript-kiem-tra-chuoi-co-bat-dau-boi-ky-tu-duoc-chi-dinh-hay-khong.html]
[webcoban.vn/javascript/substr-trong-javascript-trich-xuat-chuoi-con-voi-so-luong-ky-tu-xac-dinh.html]
[webcoban.vn/javascript/substring-trong-javascript-trich-xuat-chuoi-ky-tu-con-nam-giua-hai-chi-so-trong-chuoi-cha.html]
[webcoban.vn/javascript/tolowercase-trong-javascript-chuyen-cac-ky-tu-trong-chuoi-ve-dang-chu-thuong.html]
[webcoban.vn/javascript/touppercase-trong-javascript-chuyen-cac-ky-tu-trong-chuoi-ve-dang-chu-in-hoa.html]
[webcoban.vn/javascript/trim-trong-javascript-xoa-cac-khoang-trang-o-dau-va-cuoi-chuoi.html]
[webcoban.vn/javascript/ham-big-trong-javascript.html]
[webcoban.vn/javascript/ham-bold-trong-javascript.html]
[webcoban.vn/javascript/ham-italics-trong-javascript.html]
[webcoban.vn/javascript/ham-link-trong-javascript.html]
[webcoban.vn/javascript/ham-small-trong-javascript.html]
[webcoban.vn/javascript/ham-strike-trong-javascript.html]
[webcoban.vn/javascript/ham-sub-trong-javascript.html]
[webcoban.vn/javascript/ham-sup-trong-javascript.html]
[webcoban.vn/javascript/phuong-thuc-getdate-trong-javascript.html]
[webcoban.vn/javascript/bo-nghia-i-trong-javascript-regexp.html]
[webcoban.vn/javascript/bo-nghia-g-trong-javascript-regexp.html]
[webcoban.vn/javascript/bieu-thuc-cac-ky-tu-can-tim-trong-javascript-regexp.html]
[webcoban.vn/javascript/bieu-thuc-cac-ky-tu-khong-can-tim-trong-javascript-regexp.html]
[webcoban.vn/javascript/bieu-thuc-x-y-trong-javascript-regexp.html]
[webcoban.vn/javascript/sieu-ky-tu-trong-javascript-regexp.html]
[webcoban.vn/javascript/sieu-ky-tu-w-trong-javascript-regexp.html]
[webcoban.vn/javascript/sieu-ky-tu-w-trong-javascript-regexp2.html]
[webcoban.vn/javascript/sieu-ky-tu-d-trong-javascript-regexp.html]
[webcoban.vn/javascript/sieu-ky-tu-d-trong-javascript-regexp2.html]
[webcoban.vn/javascript/thuoc-tinh-source-trong-javascript-regexp.html]
[webcoban.vn/javascript/phuong-thuc-exec-trong-javascript-regexp.html]
[webcoban.vn/javascript/phuong-thuc-test-trong-javascript-regexp.html]
[webcoban.vn/javascript/phuong-thuc-tostring-trong-javascript-regexp.html]
[webcoban.vn/jquery/demod5c7.html]
[webcoban.vn/jquery/demo7e9c.html]
[webcoban.vn/jquery/democ513.html]
[webcoban.vn/jquery/demo7445.html]
[webcoban.vn/jquery/demof537.html]
[webcoban.vn/jquery/demo281c.html]
[webcoban.vn/jquery/demo56ad.html]
[webcoban.vn/jquery/demo12ce.html]
[webcoban.vn/jquery/demo35cf.html]
[webcoban.vn/jquery/demo9341.html]
[webcoban.vn/jquery/democdd0.html]
[webcoban.vn/jquery/demo60ed.html]
[webcoban.vn/jquery/demo19e3.html]
[webcoban.vn/jquery/demo1ad2.html]
[webcoban.vn/jquery/demo6e17.html]
[webcoban.vn/jquery/demo87a7.html]
[webcoban.vn/jquery/demoad9f.html]
[webcoban.vn/jquery/democ225.html]
[webcoban.vn/jquery/demo15e7.html]
[webcoban.vn/jquery/demo065c.html]
[webcoban.vn/jquery/demob7db.html]
[webcoban.vn/jquery/demoa400.html]
[webcoban.vn/jquery/demo2400.html]
[webcoban.vn/jquery/demo45eb.html]
[webcoban.vn/jquery/demo5d15.html]
[webcoban.vn/jquery/demoa5aa.html]
[webcoban.vn/jquery/demo3837.html]
[webcoban.vn/jquery/demo806c.html]
[webcoban.vn/jquery/demo0b8e.html]
[webcoban.vn/jquery/demo53bc.html]
[webcoban.vn/jquery/demod458.html]
[webcoban.vn/jquery/demoff4a.html]
[webcoban.vn/jquery/demo2660.html]
[webcoban.vn/jquery/demodd15.html]
[webcoban.vn/jquery/demof22b.html]
[webcoban.vn/jquery/demo921c.html]
[webcoban.vn/jquery/demo64c3.html]
[webcoban.vn/jquery/demo9fa7.html]
[webcoban.vn/jquery/demofbcd.html]
[webcoban.vn/jquery/demo7467.html]
[webcoban.vn/jquery/demo8b29.html]
[webcoban.vn/jquery/democ504.html]
[webcoban.vn/jquery/demo16ff.html]
[webcoban.vn/jquery/demo8bf7.html]
[webcoban.vn/jquery/demobc27.html]
[webcoban.vn/jquery/demo9643.html]
[webcoban.vn/jquery/demo6894.html]
[webcoban.vn/jquery/demo4338.html]
[webcoban.vn/jquery/demo1f0b.html]
[webcoban.vn/jquery/demo66aa.html]
[webcoban.vn/jquery/democ10b.html]
[webcoban.vn/jquery/chon-tat-ca-cac-phan-tu-trong-trang-web.html]
[webcoban.vn/jquery/bo-chon-id-trong-jquery-chon-phan-tu-dua-theo-id.html]
[webcoban.vn/jquery/bo-chon-class-trong-jquery.html]
[webcoban.vn/jquery/bo-chon-first-trong-jquery-cach-chon-phan-tu-trung-khop-dau-tien-trong-jquery.html]
[webcoban.vn/jquery/bo-chon-radio-trong-jquery.html]
[webcoban.vn/jquery/bo-chon-checkbox-trong-jquery.html]
[webcoban.vn/jquery/bo-chon-submit-trong-jquery.html]
[webcoban.vn/jquery/bo-chon-reset-trong-jquery.html]
[webcoban.vn/jquery/bo-chon-button-trong-jquery.html]
[webcoban.vn/jquery/bo-chon-image-trong-jquery.html]
[webcoban.vn/jquery/bo-chon-file-trong-jquery.html]
[webcoban.vn/jquery/bo-chon-disabled-trong-jquery.html]
[webcoban.vn/jquery/bo-chon-enabled-trong-jquery.html]
[webcoban.vn/jquery/bo-chon-selected-trong-jquery.html]
[webcoban.vn/jquery/bo-chon-checked-trong-jquery.html]
[webcoban.vn/jquery/su-kien-blur-trong-jquery.html]
[webcoban.vn/jquery/su-kien-change-trong-jquery.html]
[webcoban.vn/image/troll-face.png]
[webcoban.vn/jquery/su-kien-click-trong-jquery.html]
[webcoban.vn/jquery/su-kien-dblclick-trong-jquery.html]
[webcoban.vn/jquery/su-kien-focus-trong-jquery.html]
[webcoban.vn/jquery/su-kien-keydown-trong-jquery.html]
[webcoban.vn/jquery/su-kien-keypress-trong-jquery.html]
[webcoban.vn/jquery/su-kien-keyup-trong-jquery.html]
[webcoban.vn/jquery/su-kien-mousedown-trong-jquery.html]
[webcoban.vn/jquery/su-kien-mouseup-trong-jquery.html]
[webcoban.vn/image/window-restore.png]
[webcoban.vn/jquery/su-kien-resize-trong-jquery.html]
[webcoban.vn/jquery/su-kien-select-trong-jquery.html]
[webcoban.vn/jquery/phuong-thuc-hide-trong-jquery-cach-an-phan-tu-trong-jquery.html]
[webcoban.vn/jquery/phuong-thuc-show-trong-jquery-cach-hien-thi-mot-phan-tu-bi-an-trong-jquery.html]
[webcoban.vn/jquery/phuong-thuc-toggle-trong-jquery.html]
[webcoban.vn/jquery/phuong-thuc-slideup-trong-jquery-cach-an-phan-tu-voi-hieu-ung-truot-trong-jquery.html]
[webcoban.vn/jquery/phuong-thuc-slidedown-trong-jquery-cach-hien-thi-mot-phan-tu-bi-an-voi-hieu-ung-truot-trong-jquery.html]
[webcoban.vn/jquery/phuong-thuc-slidetoggle-trong-jquery.html]
[webcoban.vn/jquery/phuong-thuc-fadeout-trong-jquery-cach-an-phan-tu-voi-hieu-ung-phai-mau-trong-jquery.html]
[webcoban.vn/jquery/phuong-thuc-fadein-trong-jquery-cach-hien-thi-mot-phan-tu-bi-an-voi-hieu-ung-phai-mau-trong-jquery.html]
[webcoban.vn/jquery/phuong-thuc-fadetoggle-trong-jquery.html]
[webcoban.vn/jquery/phuong-thuc-fadeto-trong-jquery-cach-tao-hieu-ung-phai-mau-cho-phan-tu-trong-jquery.html]
[webcoban.vn/jquery/phuong-thuc-animate-trong-jquery-cach-tao-hieu-ung-chuyen-dong-cho-phan-tu-trong-jquery.html]
[webcoban.vn/jquery/phuong-thuc-stop-trong-jquery-cach-dung-hieu-ung-chuyen-dong-trong-jquery.html]
[webcoban.vn/jquery/phuong-thuc-finish-trong-jquery.html]
[webcoban.vn/jquery/phuong-thuc-addclass-trong-jquery-them-lop-cho-phan-tu.html]
[webcoban.vn/jquery/phuong-thuc-after-trong-jquery-them-noi-dung-phia-sau-phan-tu-duoc-chon.html]
[webcoban.vn/jquery/phuong-thuc-append-trong-jquery-them-noi-dung-vao-cuoi-phan-tu.html]
[webcoban.vn/jquery/phuong-thuc-appendto-trong-jquery.html]
[webcoban.vn/jquery/phuong-thuc-attr-trong-jquery-them-thuoc-tinh-cho-phan-tu.html]
[webcoban.vn/jquery/phuong-thuc-before-trong-jquery-them-noi-dung-phia-truoc-phan-tu-duoc-chon.html]
[webcoban.vn/jquery/phuong-thuc-clone-trong-jquery.html]
[webcoban.vn/jquery/phuong-thuc-css-trong-jquery-them-thuoc-tinh-dinh-dang-css-cho-phan-tu.html]
[webcoban.vn/jquery/phuong-thuc-empty-trong-jquery-xoa-noi-dung-ben-trong-phan-tu.html]
[webcoban.vn/jquery/phuong-thuc-hasclass-trong-jquery.html]
[webcoban.vn/jquery/phuong-thuc-height-trong-jquery-xac-dinh-chieu-cao-cua-phan-tu.html]
[webcoban.vn/jquery/phuong-thuc-html-trong-jquery.html]
[webcoban.vn/jquery/phuong-thuc-innerheight-trong-jquery-lay-chieu-cao-cua-phan-tu.html]
[webcoban.vn/jquery/phuong-thuc-innerwidth-trong-jquery-lay-chieu-rong-cua-phan-tu.html]
[webcoban.vn/jquery/phuong-thuc-insertafter-trong-jquery.html]
[webcoban.vn/jquery/phuong-thuc-insertbefore-trong-jquery.html]
[webcoban.vn/jquery/phuong-thuc-offset-trong-jquery-xac-dinh-vi-tri-cua-phan-tu.html]
[webcoban.vn/jquery/phuong-thuc-offsetparent-trong-jquery.html]
[webcoban.vn/jquery/phuong-thuc-outerheight-trong-jquery-lay-chieu-cao-phan-tu.html]
[webcoban.vn/jquery/phuong-thuc-outerwidth-trong-jquery-lay-chieu-rong-phan-tu.html]
[webcoban.vn/jquery/phuong-thuc-position-trong-jquery-lay-vi-tri-cua-phan-tu.html]
[webcoban.vn/jquery/phuong-thuc-prepend-trong-jquery-them-noi-dung-vao-dau-phan-tu.html]
[webcoban.vn/jquery/phuong-thuc-prependto-trong-jquery.html]
[webcoban.vn/jquery/phuong-thuc-remove-trong-jquery-xoa-phan-tu.html]
[webcoban.vn/jquery/phuong-thuc-removeattr-trong-jquery-xoa-thuoc-tinh-cua-phan-tu.html]
[webcoban.vn/jquery/phuong-thuc-removeclass-trong-jquery-xoa-ten-lop.html]
[webcoban.vn/jquery/phuong-thuc-replaceall-trong-jquery-thay-the-phan-tu-boi-mot-phan-tu-khac.html]
[webcoban.vn/jquery/phuong-thuc-replacewith-trong-jquery-thay-the-phan-tu-boi-mot-noi-dung-khac.html]
[webcoban.vn/jquery/phuong-thuc-scrollleft-trong-jquery.html]
[webcoban.vn/jquery/phuong-thuc-scrolltop-trong-jquery.html]
[webcoban.vn/jquery/phuong-thuc-text-trong-jquery.html]
[webcoban.vn/jquery/phuong-thuc-toggleclass-trong-jquery.html]
[webcoban.vn/jquery/phuong-thuc-unwrap-trong-jquery-xoa-phan-tu-cha.html]
[webcoban.vn/jquery/phuong-thuc-val-trong-jquery-lay-gia-tri-thuoc-tinh-value-cua-phan-tu.html]
[webcoban.vn/jquery/phuong-thuc-width-trong-jquery-xac-dinh-chieu-rong-cua-phan-tu.html]
[webcoban.vn/jquery/phuong-thuc-wrap-trong-jquery-thiet-lap-phan-tu-cha.html]
[webcoban.vn/jquery/phuong-thuc-wrapinner-trong-jquery.html]
[webcoban.vn/home/image_icon/face1.html]
[webcoban.vn/mysql/demod4eb.html]
[webcoban.vn/mysql/demo5cb7.html]
[webcoban.vn/mysql/demoef9a.html]
[webcoban.vn/mysql/demo7baf.html]
[webcoban.vn/mysql/demofba0.html]
[webcoban.vn/home/image_icon/face2.html]
[webcoban.vn/mysql/demo8702.html]
[webcoban.vn/php/demo1735.html]
[webcoban.vn/php/demo7765.html]
[webcoban.vn/php/demod0c4.html]
[webcoban.vn/php/demo44f8.html]
[webcoban.vn/php/demob595.html]
[webcoban.vn/php/demo2218.html]
[webcoban.vn/php/demo3a3e.html]
[webcoban.vn/php/demo061b.html]
[webcoban.vn/php/demoa147.html]
[webcoban.vn/php/demo572b.html]
[webcoban.vn/php/demo0874.html]
[webcoban.vn/php/demod42c.html]
[webcoban.vn/php/demof7a8.html]
[webcoban.vn/php/demo1df9.html]
[webcoban.vn/php/demof54c.html]
[webcoban.vn/php/demo1ed1.html]
[webcoban.vn/php/demo46c1.html]
[webcoban.vn/php/demo202b.html]
[webcoban.vn/php/demo1633.html]
[webcoban.vn/php/demoee74.html]
[webcoban.vn/php/demod48c.html]
[webcoban.vn/php/demo6a2a.html]
[webcoban.vn/php/demo9be3.html]
[webcoban.vn/php/demo4770.html]
[webcoban.vn/php/demo92c5.html]
[webcoban.vn/php/demo4c6d.html]
[webcoban.vn/php/demoa799.html]
[webcoban.vn/php/demo401a.html]
[webcoban.vn/php/demo78d6.html]
[webcoban.vn/php/demod73f.html]
[webcoban.vn/php/demo38ff.html]
[webcoban.vn/php/demofa1b.html]
[webcoban.vn/php/demof7ea.html]
[webcoban.vn/php/demod4d3.html]
[webcoban.vn/php/demob7f1.html]
[webcoban.vn/php/demo358c.html]
[webcoban.vn/php/demo9781.html]
[webcoban.vn/php/demob537.html]
[webcoban.vn/php/demob158.html]
[webcoban.vn/php/demoa0c8.html]
[webcoban.vn/php/demo8e4d.html]
[webcoban.vn/php/demo3b0c.html]
[webcoban.vn/php/demob259.html]
[webcoban.vn/php/demo43f1.html]
[webcoban.vn/php/demod370.html]
[webcoban.vn/php/demo86e5.html]
[webcoban.vn/php/demoba90.html]
[webcoban.vn/php/demobd87.html]
[webcoban.vn/php/demo3b6f.html]
[webcoban.vn/php/demo634a.html]
[webcoban.vn/php/demoed9b.html]
[webcoban.vn/php/demo0172.html]
[webcoban.vn/php/demo0505.html]
[webcoban.vn/php/demo8692.html]
[webcoban.vn/php/demo0592.html]
[webcoban.vn/php/demo1277.html]
[webcoban.vn/php/demo7a12.html]
[webcoban.vn/php/demo4d24.html]
[webcoban.vn/php/demo3964.html]
[webcoban.vn/php/demo161b.html]
[webcoban.vn/php/demof0aa.html]
[webcoban.vn/php/demof41a.html]
[webcoban.vn/php/demoad69.html]
[webcoban.vn/php/demo8979.html]
[webcoban.vn/php/demo179a.html]
[webcoban.vn/php/democ809.html]
[webcoban.vn/php/democcb6.html]
[webcoban.vn/php/demo70ff.html]
[webcoban.vn/php/democ19e.html]
[webcoban.vn/php/ham-addcslashes-trong-php.html]
[webcoban.vn/php/ham-addslashes-trong-php.html]
[webcoban.vn/php/ham-bin2hex-trong-php.html]
[webcoban.vn/php/ham-chop-trong-php.html]
[webcoban.vn/php/ham-chr-trong-php.html]
[webcoban.vn/php/ham-chunk-split-trong-php.html]
[webcoban.vn/php/ham-convert-uudecode-trong-php.html]
[webcoban.vn/php/ham-convert-uuencode-trong-php.html]
[webcoban.vn/php/ham-explode-trong-php-tach-chuoi-ra-thanh-mot-mang.html]
[webcoban.vn/php/ham-ltrim-trong-php.html]
[webcoban.vn/php/ham-rtrim-trong-php.html]
[webcoban.vn/php/ham-strlen-trong-php-dem-so-luong-ky-tu-cua-mot-chuoi.html]
[webcoban.vn/php/ham-strtolower-trong-php-chuyen-toan-bo-ky-tu-trong-chuoi-ve-dang-chu-thuong.html]
[webcoban.vn/php/ham-strtoupper-trong-php-chuyen-toan-bo-ky-tu-trong-chuoi-ve-dang-chu-in-hoa.html]
[webcoban.vn/php/ham-trim-trong-php.html]
[webcoban.vn/php/ham-basename-trong-php-lay-ten-tap-tin-file-tu-mot-duong-dan.html]
[webcoban.vn/php/ham-chgrp-trong-php.html]
[webcoban.vn/php/ham-chmod-trong-php-thiet-lap-quyen-tren-tap-tin.html]
[webcoban.vn/php/ham-chown-trong-php-thay-doi-chu-so-huu-cua-tap-tin.html]
[webcoban.vn/php/ham-copy-trong-php-sao-chep-mot-tap-tin-file.html]
[webcoban.vn/php/ham-dirname-trong-php.html]
[webcoban.vn/php/ham-fclose-trong-php-dong-tap-tin-file.html]
[webcoban.vn/image/ham-fgetc-trong-php.png]
[webcoban.vn/php/ham-feof-trong-php.html]
[webcoban.vn/php/ham-fgetc-trong-php.html]
[webcoban.vn/image/ham-fgets-trong-php.png]
[webcoban.vn/php/ham-fgets-trong-php.html]
[webcoban.vn/php/ham-file-exists-trong-php-kiem-tra-xem-tap-tin-hoac-thu-muc-co-ton-tai-hay-khong.html]
[webcoban.vn/php/ham-file-get-contents-trong-php-lay-noi-dung-cua-tap-tin-file.html]
[webcoban.vn/php/ham-fileatime-trong-php.html]
[webcoban.vn/php/ham-filectime-trong-php.html]
[webcoban.vn/php/ham-filemtime-trong-php.html]
[webcoban.vn/php/ham-filesize-trong-php-lay-kich-thuoc-cua-mot-tap-tin-file.html]
[webcoban.vn/php/ham-filetype-trong-php.html]
[webcoban.vn/php/ham-fopen-trong-php-mo-mot-tap-tin-file.html]
[webcoban.vn/php/ham-fread-trong-php.html]
[webcoban.vn/php/ham-fseek-trong-php.html]
[webcoban.vn/php/ham-ftell-trong-php.html]
[webcoban.vn/php/ham-fwrite-trong-php-viet-noi-dung-vao-tap-tin-file.html]
[webcoban.vn/php/ham-is-dir-trong-php.html]
[webcoban.vn/php/ham-is-executable-trong-php.html]
[webcoban.vn/php/ham-is-file-trong-php.html]
[webcoban.vn/php/ham-is-readable-trong-php.html]
[webcoban.vn/php/ham-is-writable-trong-php.html]
[webcoban.vn/php/ham-mkdir-trong-php-tao-mot-thu-muc.html]
[webcoban.vn/php/ham-move-uploaded-file-trong-php.html]
[webcoban.vn/php/ham-rename-trong-php-sua-ten-tap-tin-thu-muc.html]
[webcoban.vn/php/ham-rewind-trong-php.html]
[webcoban.vn/php/ham-rmdir-trong-php-xoa-mot-thu-muc-rong.html]
[webcoban.vn/php/ham-unlink-trong-php-xoa-mot-tap-tin-file.html]
[webcoban.vn/home/css/demo.css]
[webcoban.vn/html/demo6cd1.html]
[webcoban.vn/html/demo310f.html]
[webcoban.vn/html/demoebe8.html]
[webcoban.vn/home/css/demo2.css]
[webcoban.vn/html/demo830f.html]
[webcoban.vn/html/demo7906.html]
[webcoban.vn/html/demo1bae.html]
[webcoban.vn/html/demoff5d.html]
[webcoban.vn/html/demo3bc9.html]
[webcoban.vn/html/demo3e48.html]
[webcoban.vn/html/demof941.html]
[webcoban.vn/html/demo32ea.html]
[webcoban.vn/html/demo9d7f.html]
[webcoban.vn/html/demoac5a.html]
[webcoban.vn/html/demo80c7.html]
[webcoban.vn/html/demofcdc.html]
[webcoban.vn/html/demoe2a3.html]
[webcoban.vn/html/demo1378.html]
[webcoban.vn/html/demod2ca.html]
[webcoban.vn/html/demoa77d.html]
[webcoban.vn/html/democdd6.html]
[webcoban.vn/html/demo4363.html]
[webcoban.vn/html/demo28af.html]
[webcoban.vn/html/demo3c4f.html]
[webcoban.vn/html/demo3989.html]
[webcoban.vn/html/demo8aa6.html]
[webcoban.vn/html/demod57f.html]
[webcoban.vn/html/democ20e.html]
[webcoban.vn/html/demo5ee8.html]
[webcoban.vn/html/demo6460.html]
[webcoban.vn/html/demo6f7d.html]
[webcoban.vn/html/demo5d9e.html]
[webcoban.vn/html/demoe47d.html]
[webcoban.vn/html/demof05f.html]
[webcoban.vn/html/democ4f0.html]
[webcoban.vn/html/demob69b.html]
[webcoban.vn/html/demo52f2.html]
[webcoban.vn/html/demo3822.html]
[webcoban.vn/html/democ86d.html]
[webcoban.vn/html/demob7bd.html]
[webcoban.vn/html/demo80c0.html]
[webcoban.vn/html/demo5114.html]
[webcoban.vn/html/democ15e.html]
[webcoban.vn/html/demo46e8.html]
[webcoban.vn/html/demof8e0.html]
[webcoban.vn/html/demo4f91.html]
[webcoban.vn/file/lamviec.html]
[webcoban.vn/html/demofbcc.html]
[webcoban.vn/html/demo786e.html]
[webcoban.vn/html/demo0c47.html]
[webcoban.vn/html/demo1b58.html]
[webcoban.vn/html/demo3bb4.html]
[webcoban.vn/html/demo0006.html]
[webcoban.vn/xem/lienket/707.html]
[webcoban.vn/html/demo855c.html]
[webcoban.vn/html/demoecde.html]
[webcoban.vn/html/demofb4f.html]
[webcoban.vn/html/demo6a9e.html]
[webcoban.vn/html/democa7b.html]
[webcoban.vn/html/demo39ef.html]
[webcoban.vn/html/demob1fb.html]
[webcoban.vn/html/demo5c88.html]
[webcoban.vn/html/democa2f.html]
[webcoban.vn/html/demod5f5.html]
[webcoban.vn/html/demo4af7.html]
[webcoban.vn/html/demode4f.html]
[webcoban.vn/html/demo39e2.html]
[webcoban.vn/html/demo9b0b.html]
[webcoban.vn/html/demo498e.html]
[webcoban.vn/html/demo5a73.html]
[webcoban.vn/html/demo53f7.html]
[webcoban.vn/html/demo9324.html]
[webcoban.vn/html/democ1b1.html]
[webcoban.vn/html/demo5938.html]
[webcoban.vn/html/demoab11.html]
[webcoban.vn/html/demod28e.html]
[webcoban.vn/html/demo2889.html]
[webcoban.vn/html/demo0222.html]
[webcoban.vn/html/demo9bdf.html]
[webcoban.vn/html/demo98b3.html]
[webcoban.vn/html/demo971f.html]
[webcoban.vn/html/demo9b5c.html]
[webcoban.vn/html/demoa6ce.html]
[webcoban.vn/html/demo52f8.html]
[webcoban.vn/html/demoaef5.html]
[webcoban.vn/html/democ069.html]
[webcoban.vn/html/democfcf.html]
[webcoban.vn/html/demobe45.html]
[webcoban.vn/html/demo2239.html]
[webcoban.vn/html/demo1cb3.html]
[webcoban.vn/html/demo82b5.html]
[webcoban.vn/html/demo894f.html]
[webcoban.vn/html/demo3cbc.html]
[webcoban.vn/html/demoe155.html]
[webcoban.vn/html/demo39f2.html]
[webcoban.vn/html/demo48df.html]
[webcoban.vn/html/demo747d.html]
[webcoban.vn/html/demo5085.html]
[webcoban.vn/html/demo9373.html]
[webcoban.vn/html/demo8ceb.html]
[webcoban.vn/html/demod99e.html]
[webcoban.vn/html/democ5e5.html]
[webcoban.vn/html/demo86b3.html]
[webcoban.vn/html/demo2f53.html]
[webcoban.vn/html/demob5ad.html]
[webcoban.vn/html/demo2e76.html]
[webcoban.vn/html/demo5b08.html]
[webcoban.vn/html/demo0fab.html]
[webcoban.vn/html/demo859e.html]
[webcoban.vn/html/demodd03.html]
[webcoban.vn/html/demod78c.html]
[webcoban.vn/html/demoe00f.html]
[webcoban.vn/html/demo9aca.html]
[webcoban.vn/html/demof29c.html]
[webcoban.vn/html/demo7185.html]
[webcoban.vn/html/demoae22.html]
[webcoban.vn/html/demo42f6.html]
[webcoban.vn/html/demobd33.html]
[webcoban.vn/image/the-scream.jpg]
[webcoban.vn/html/demo7eaa.html]
[webcoban.vn/html/demodc27.html]
[webcoban.vn/html/demoeb22.html]
[webcoban.vn/html/demo2297.html]
[webcoban.vn/html/demoaa27.html]
[webcoban.vn/html/demob7d7.html]
[webcoban.vn/html/demo9c2a.html]
[webcoban.vn/html/demo65ea.html]
[webcoban.vn/html/demo8d13.html]
[webcoban.vn/html/demo6644.html]
[webcoban.vn/html/demo307b.html]
[webcoban.vn/html/democe48.html]
[webcoban.vn/html/demo4da1.html]
[webcoban.vn/html/demofd1f.html]
[webcoban.vn/html/demoa5cc.html]
[webcoban.vn/html/demo2e02.html]
[webcoban.vn/html/democd84.html]
[webcoban.vn/html/demo60ef.html]
[webcoban.vn/html/demod4f2.html]
[webcoban.vn/html/demoe4c5.html]
[webcoban.vn/html/demof5cb.html]
[webcoban.vn/html/demo873a.html]
[webcoban.vn/html/demo496c.html]
[webcoban.vn/html/demo8887.html]
[webcoban.vn/html/demo8663.html]
[webcoban.vn/html/demod716.html]
[webcoban.vn/html/demo1aca.html]
[webcoban.vn/html/demo43ec.html]
[webcoban.vn/html/demo3cbe.html]
[webcoban.vn/html/demo5176.html]
[webcoban.vn/html/demo6551.html]
[webcoban.vn/html/demo4d36.html]
[webcoban.vn/html/demo095b.html]
[webcoban.vn/html/demo76a3.html]
[webcoban.vn/html/demo5eef.html]
[webcoban.vn/html/demof296.html]
[webcoban.vn/html/demo6bbe.html]
[webcoban.vn/html/demoe235.html]
[webcoban.vn/html/demo5c1f.html]
[webcoban.vn/html/demodf86.html]
[webcoban.vn/html/demo723c.html]
[webcoban.vn/html/demob5d5.html]
[webcoban.vn/html/demo3a34.html]
[webcoban.vn/html/demoaaba.html]
[webcoban.vn/html/demo1cbd.html]
[webcoban.vn/html/democca7.html]
[webcoban.vn/html/demo80a9.html]
[webcoban.vn/html/demof517.html]
[webcoban.vn/html/demo6fed.html]
[webcoban.vn/html/demo1ba7.html]
[webcoban.vn/html/demodf01.html]
[webcoban.vn/html/demoda0a.html]
[webcoban.vn/html/demo3550.html]
[webcoban.vn/html/demo38e4.html]
[webcoban.vn/html/demo0d30.html]
[webcoban.vn/html/demof7d7.html]
[webcoban.vn/html/demoa0f3.html]
[webcoban.vn/html/demo085f.html]
[webcoban.vn/html/demoa7f0.html]
[webcoban.vn/html/demoe892.html]
[webcoban.vn/html/demo1525.html]
[webcoban.vn/html/demofd54.html]
[webcoban.vn/html/demo1649.html]
[webcoban.vn/html/demobb8b-2.html]
[webcoban.vn/html/demo0f7a.html]
[webcoban.vn/html/demo4dca.html]
[webcoban.vn/html/demo590b.html]
[webcoban.vn/html/demo7c0f.html]
[webcoban.vn/html/demo6a4d.html]
[webcoban.vn/html/demo01a9.html]
[webcoban.vn/html/demo8c61.html]
[webcoban.vn/html/demo103e.html]
[webcoban.vn/html/demo09d4.html]
[webcoban.vn/html/demo66c9.html]
[webcoban.vn/html/demo6155.html]
[webcoban.vn/html/demo64bb.html]
[webcoban.vn/html/demo5315.html]
[webcoban.vn/html/demo45a4.html]
[webcoban.vn/html/demoff3b.html]
[webcoban.vn/html/democ053.html]
[webcoban.vn/html/demoa0b5.html]
[webcoban.vn/html/demo2cda.html]
[webcoban.vn/html/demo77e9.html]
[webcoban.vn/html/demo128b.html]
[webcoban.vn/html/demo2385.html]
[webcoban.vn/html/demod6e7.html]
[webcoban.vn/html/demo17c3.html]
[webcoban.vn/html/demob0ab.html]
[webcoban.vn/html/demob5c1.html]
[webcoban.vn/html/demofe4c.html]
[webcoban.vn/html/demo9dce.html]
[webcoban.vn/html/demo4a69.html]
[webcoban.vn/html/demo09d8.html]
[webcoban.vn/html/demo4087.html]
[webcoban.vn/html/demob538.html]
[webcoban.vn/html/demob7ad.html]
[webcoban.vn/html/democ8af.html]
[webcoban.vn/html/demo8664.html]
[webcoban.vn/html/demof316.html]
[webcoban.vn/html/demodf30.html]
[webcoban.vn/html/demo0f37.html]
[webcoban.vn/html/demo6080.html]
[webcoban.vn/html/demo3d45.html]
[webcoban.vn/html/demo7299.html]
[webcoban.vn/html/demo0b69.html]
[webcoban.vn/html/demo1ad8.html]
[webcoban.vn/html/demoea64.html]
[webcoban.vn/html/demo48be.html]
[webcoban.vn/html/demo1091.html]
[webcoban.vn/html/demo95cd.html]
[webcoban.vn/html/demo3a3b.html]
[webcoban.vn/html/demoee7c.html]
[webcoban.vn/html/demo5c18.html]
[webcoban.vn/html/demo4cc8.html]
[webcoban.vn/html/demoea28.html]
[webcoban.vn/html/demo5e80.html]
[webcoban.vn/html/demo9bea.html]
[webcoban.vn/html/demo5f1a.html]
[webcoban.vn/html/demo33c7.html]
[webcoban.vn/html/demo75fc.html]
[webcoban.vn/html/demo4ce5.html]
[webcoban.vn/html/demo8caf.html]
[webcoban.vn/html/demof0ac.html]
[webcoban.vn/html/democ43e.html]
[webcoban.vn/html/demo2fdc.html]
[webcoban.vn/html/demo1d8c.html]
[webcoban.vn/html/demo3175.html]
[webcoban.vn/html/demo4bea.html]
[webcoban.vn/html/demobca4.html]
[webcoban.vn/html/demod429.html]
[webcoban.vn/html/demo0811.html]
[webcoban.vn/html/demo6d9a.html]
[webcoban.vn/html/demof25a.html]
[webcoban.vn/html/demod2a4.html]
[webcoban.vn/html/demob116.html]
[webcoban.vn/html/democ191.html]
[connect.facebook.net/en_US/sdk.js]
[apis.google.com/js/platform.js]
[webcoban.vn/javascript/demob68a.html]
[webcoban.vn/javascript/demo49f4.html]
[webcoban.vn/javascript/demo2578.html]
[webcoban.vn/javascript/demo8276.html]
[webcoban.vn/javascript/demoa647.html]
[webcoban.vn/javascript/demo90ec.html]
[webcoban.vn/javascript/demo6150.html]
[webcoban.vn/javascript/demo8b18.html]
[webcoban.vn/javascript/demobd04.html]
[webcoban.vn/javascript/demof068.html]
[webcoban.vn/javascript/demo88bc.html]
[webcoban.vn/javascript/demof654.html]
[webcoban.vn/javascript/demod67c.html]
[webcoban.vn/javascript/democd77.html]
[webcoban.vn/javascript/demo299d.html]
[webcoban.vn/javascript/demof054.html]
[webcoban.vn/javascript/democ584.html]
[webcoban.vn/javascript/democ7a0.html]
[webcoban.vn/javascript/demof848.html]
[webcoban.vn/javascript/demoba18.html]
[webcoban.vn/javascript/demo3eaa.html]
[webcoban.vn/javascript/demo0f7d.html]
[webcoban.vn/javascript/demoeb29.html]
[webcoban.vn/javascript/demo7b1f.html]
[webcoban.vn/javascript/democa4d.html]
[webcoban.vn/javascript/demo3bc1.html]
[webcoban.vn/javascript/demofc82.html]
[webcoban.vn/javascript/demo941f.html]
[webcoban.vn/javascript/demo6d95.html]
[webcoban.vn/javascript/demo25a7.html]
[webcoban.vn/javascript/demo4226.html]
[webcoban.vn/javascript/demod64d.html]
[webcoban.vn/javascript/democbef.html]
[webcoban.vn/javascript/demo4f5a.html]
[webcoban.vn/javascript/demoff24.html]
[webcoban.vn/javascript/demof178.html]
[webcoban.vn/javascript/demod365.html]
[webcoban.vn/javascript/demo3275.html]
[webcoban.vn/javascript/demo6590.html]
[webcoban.vn/javascript/demo2346.html]
[webcoban.vn/javascript/demo0bac.html]
[webcoban.vn/javascript/demo7323.html]
[webcoban.vn/javascript/democ2c8.html]
[webcoban.vn/javascript/demo8fb7.html]
[webcoban.vn/javascript/demo0925.html]
[webcoban.vn/javascript/demo030c.html]
[webcoban.vn/javascript/demo23cb.html]
[webcoban.vn/javascript/demoa404.html]
[webcoban.vn/javascript/demofeb2.html]
[webcoban.vn/javascript/demo8c61.html]
[webcoban.vn/javascript/demo458c.html]
[webcoban.vn/javascript/demoaf37-2.html]
[webcoban.vn/javascript/demo924e.html]
[webcoban.vn/javascript/demo68b9.html]
[webcoban.vn/javascript/demo93ed.html]
[webcoban.vn/javascript/democ3c9.html]
[webcoban.vn/javascript/demo300f.html]
[webcoban.vn/javascript/demo56cb.html]
[webcoban.vn/javascript/demo1ef3.html]
[webcoban.vn/javascript/democcb6.html]
[webcoban.vn/javascript/demo825b.html]
[webcoban.vn/javascript/democaa6.html]
[webcoban.vn/javascript/demo0358.html]
[webcoban.vn/javascript/demofeaa.html]
[webcoban.vn/javascript/demo8f18.html]
[webcoban.vn/javascript/demo5d44.html]
[webcoban.vn/javascript/demof873.html]
[webcoban.vn/javascript/demo4735.html]
[webcoban.vn/javascript/demo6849.html]
[webcoban.vn/javascript/demo959a.html]
[webcoban.vn/javascript/demo1f70.html]
[webcoban.vn/javascript/demob18b.html]
[webcoban.vn/javascript/demod4d7.html]
[webcoban.vn/javascript/demo8146.html]
[webcoban.vn/javascript/demoa7f8.html]
[webcoban.vn/javascript/demoe5c8.html]
[webcoban.vn/javascript/demoed3e.html]
[webcoban.vn/javascript/demoee17.html]
[webcoban.vn/javascript/demo03d6.html]
[webcoban.vn/javascript/demoe9f6.html]
[webcoban.vn/javascript/demoe5b9.html]
[webcoban.vn/javascript/democ0a5.html]
[webcoban.vn/javascript/demo2be5.html]
[webcoban.vn/javascript/demoa2af.html]
[webcoban.vn/javascript/demo3c84.html]
[webcoban.vn/javascript/demof780.html]
[webcoban.vn/javascript/demo90a4.html]
[webcoban.vn/javascript/democa5a.html]
[webcoban.vn/javascript/demo3eba.html]
[webcoban.vn/javascript/demo4a3d.html]
[webcoban.vn/javascript/demo0609.html]
[webcoban.vn/javascript/demo669d.html]
[webcoban.vn/javascript/demo2fd4.html]
[webcoban.vn/jquery/democ313.html]
[webcoban.vn/jquery/demo34b8.html]
[webcoban.vn/jquery/demoa282.html]
[webcoban.vn/jquery/demoabaf.html]
[webcoban.vn/jquery/democf15.html]
[webcoban.vn/jquery/demo37ca.html]
[webcoban.vn/jquery/demo7670.html]
[webcoban.vn/jquery/demod898.html]
[webcoban.vn/jquery/demo1a7a.html]
[webcoban.vn/jquery/demo9f57.html]
[webcoban.vn/jquery/demo9995.html]
[webcoban.vn/jquery/demoa4ff.html]
[webcoban.vn/jquery/democ5fe.html]
[webcoban.vn/jquery/democc96.html]
[webcoban.vn/jquery/demo967c.html]
[webcoban.vn/jquery/demo14db.html]
[webcoban.vn/jquery/demodf27.html]
[webcoban.vn/jquery/demo70a4.html]
[webcoban.vn/jquery/demo6556.html]
[webcoban.vn/jquery/demo7312.html]
[webcoban.vn/jquery/demobefa.html]
[webcoban.vn/jquery/demob315.html]
[webcoban.vn/jquery/demof377.html]
[webcoban.vn/jquery/demo75a0.html]
[webcoban.vn/jquery/demo707b.html]
[webcoban.vn/jquery/demobe5f.html]
[webcoban.vn/jquery/demo8d3f.html]
[webcoban.vn/jquery/demo645f.html]
[webcoban.vn/jquery/demob231.html]
[webcoban.vn/jquery/demo7902.html]
[webcoban.vn/jquery/demo23c5.html]
[webcoban.vn/jquery/demoa71b.html]
[webcoban.vn/jquery/demo4e58.html]
[webcoban.vn/jquery/demo4fd2.html]
[webcoban.vn/jquery/demo1aed.html]
[webcoban.vn/jquery/demo8f25.html]
[webcoban.vn/jquery/demo645b.html]
[webcoban.vn/jquery/demoe1da.html]
[webcoban.vn/jquery/demof8fe.html]
[webcoban.vn/jquery/demo0f4e.html]
[webcoban.vn/jquery/demo7329.html]
[webcoban.vn/jquery/demo93bd.html]
[webcoban.vn/jquery/demo638a.html]
[webcoban.vn/jquery/demo7a8b.html]
[webcoban.vn/jquery/demo50a2.html]
[webcoban.vn/jquery/demo3aeb.html]
[webcoban.vn/jquery/demo79be.html]
[webcoban.vn/jquery/demo275c.html]
[webcoban.vn/jquery/demo59da.html]
[webcoban.vn/jquery/demo9df5.html]
[webcoban.vn/jquery/demodf35.html]
[webcoban.vn/jquery/demo1003.html]
[webcoban.vn/jquery/demo7ca4.html]
[webcoban.vn/jquery/demo1dfb.html]
[webcoban.vn/jquery/demoe39b.html]
[webcoban.vn/jquery/demo6e9b.html]
[webcoban.vn/jquery/demo9215.html]
[webcoban.vn/jquery/demoa34b.html]
[webcoban.vn/jquery/demo59e0.html]
[webcoban.vn/jquery/demo90be.html]
[webcoban.vn/jquery/demo629c.html]
[webcoban.vn/jquery/demo11c1.html]
[webcoban.vn/jquery/demo9353.html]
[webcoban.vn/jquery/demo70e7.html]
[webcoban.vn/jquery/demo2031.html]
[webcoban.vn/jquery/demod740.html]
[webcoban.vn/jquery/democ223.html]
[webcoban.vn/jquery/demod91d.html]
[webcoban.vn/jquery/demo22ba.html]
[webcoban.vn/jquery/demo4089.html]
[webcoban.vn/jquery/demo98b6.html]
[webcoban.vn/jquery/democ827.html]
[webcoban.vn/jquery/demoeebf.html]
[webcoban.vn/jquery/demo2eb0.html]
[webcoban.vn/jquery/demo6ee0.html]
[webcoban.vn/jquery/demobd3b.html]
[webcoban.vn/jquery/demo5ed7.html]
[webcoban.vn/jquery/demo6e4a.html]
[webcoban.vn/jquery/demo58d9.html]
[webcoban.vn/jquery/demo939e.html]
[webcoban.vn/jquery/democc0e.html]
[webcoban.vn/jquery/demo82a2.html]
[webcoban.vn/jquery/demo5b0c.html]
[webcoban.vn/jquery/demo6d07.html]
[webcoban.vn/jquery/democbdf.html]
[webcoban.vn/jquery/demo5720.html]
[webcoban.vn/jquery/demo0857.html]
[webcoban.vn/jquery/demo44fd.html]
[webcoban.vn/jquery/demof904.html]
[webcoban.vn/jquery/demo93a1.html]
[webcoban.vn/jquery/demo5634.html]
[webcoban.vn/jquery/demoa662.html]
[webcoban.vn/jquery/demo7e73.html]
[webcoban.vn/jquery/demo44cc.html]
[webcoban.vn/jquery/democ1eb.html]
[webcoban.vn/jquery/demo5529.html]
[webcoban.vn/jquery/demo270d.html]
[webcoban.vn/jquery/demo2f15.html]
[webcoban.vn/jquery/demo69f7.html]
[webcoban.vn/jquery/demo4eff.html]
[webcoban.vn/jquery/demof1e4.html]
[webcoban.vn/jquery/demod34e.html]
[webcoban.vn/jquery/demo3d8d.html]
[webcoban.vn/jquery/demo4665.html]
[webcoban.vn/jquery/demo01f8.html]
[webcoban.vn/jquery/democf4c.html]
[webcoban.vn/jquery/demo8507.html]
[webcoban.vn/jquery/demo0d73.html]
[webcoban.vn/jquery/demo7f20.html]
[webcoban.vn/jquery/demo6d4d.html]
[webcoban.vn/jquery/demo8d11.html]
[webcoban.vn/jquery/democb05.html]
[webcoban.vn/jquery/democ8ab.html]
[webcoban.vn/jquery/demo5dee.html]
[webcoban.vn/jquery/democd42.html]
[webcoban.vn/jquery/demo5c21.html]
[webcoban.vn/jquery/demod7ba.html]
[webcoban.vn/jquery/democ20b.html]
[webcoban.vn/jquery/demo44e8.html]
[webcoban.vn/jquery/demo0a07.html]
[webcoban.vn/jquery/demobd2f.html]
[webcoban.vn/jquery/demo3d2d.html]
[webcoban.vn/jquery/demod5e6.html]
[webcoban.vn/jquery/demo3994.html]
[webcoban.vn/jquery/demo418c.html]
[webcoban.vn/jquery/demo4b28.html]
[webcoban.vn/jquery/demoee05.html]
[webcoban.vn/jquery/demo8c44.html]
[webcoban.vn/jquery/demod332.html]
[webcoban.vn/jquery/demo7d59.html]
[webcoban.vn/jquery/demo0a9d.html]
[webcoban.vn/jquery/demo1996.html]
[webcoban.vn/jquery/demod8fd.html]
[webcoban.vn/jquery/demoe791.html]
[webcoban.vn/jquery/demo98b4.html]
[webcoban.vn/jquery/demof527.html]
[webcoban.vn/jquery/demo3988.html]
[webcoban.vn/jquery/demo9734.html]
[webcoban.vn/jquery/demoaedd.html]
[webcoban.vn/jquery/demo7f07.html]
[webcoban.vn/jquery/demo180f.html]
[webcoban.vn/jquery/demo6f0c.html]
[webcoban.vn/jquery/demo532a.html]
[webcoban.vn/jquery/demoee9e.html]
[webcoban.vn/jquery/demo06a2.html]
[webcoban.vn/jquery/demobd0e.html]
[webcoban.vn/jquery/demo1053.html]
[webcoban.vn/jquery/demo2527.html]
[webcoban.vn/jquery/demod200.html]
[webcoban.vn/jquery/demo5765.html]
[webcoban.vn/jquery/demoaf77.html]
[webcoban.vn/jquery/demo52ec.html]
[webcoban.vn/jquery/demo3286.html]
[webcoban.vn/jquery/demo8796.html]
[webcoban.vn/jquery/demo111e.html]
[webcoban.vn/jquery/demo6e96.html]
[webcoban.vn/jquery/demo5534.html]
[webcoban.vn/jquery/demof5ba.html]
[webcoban.vn/jquery/demo5841.html]
[webcoban.vn/jquery/demo1833.html]
[webcoban.vn/jquery/democ76b.html]
[webcoban.vn/jquery/demoab52.html]
[webcoban.vn/jquery/demoe6be.html]
[webcoban.vn/jquery/demofc56.html]
[webcoban.vn/jquery/demo8349.html]
[webcoban.vn/jquery/demod764.html]
[webcoban.vn/jquery/demoe082.html]
[webcoban.vn/jquery/demo55a0.html]
[webcoban.vn/jquery/demoff28.html]
[webcoban.vn/jquery/demo892e.html]
[webcoban.vn/jquery/demo3ddb.html]
[webcoban.vn/jquery/demo2282.html]
[webcoban.vn/jquery/demo8660.html]
[webcoban.vn/jquery/democ4d1.html]
[webcoban.vn/jquery/demoaeee.html]
[webcoban.vn/jquery/demoe287.html]
[webcoban.vn/jquery/demo03e3.html]
[webcoban.vn/jquery/demo53bd.html]
[webcoban.vn/jquery/demo079d.html]
[webcoban.vn/jquery/demo61bf.html]
[webcoban.vn/jquery/demo148e.html]
[webcoban.vn/jquery/demo7462.html]
[webcoban.vn/jquery/demo8db0.html]
[webcoban.vn/jquery/demoff58.html]
[webcoban.vn/jquery/demo07ae.html]
[webcoban.vn/jquery/democc17.html]
[webcoban.vn/jquery/demo2a37.html]
[webcoban.vn/jquery/demoa5ea.html]
[webcoban.vn/jquery/demo61f9.html]
[webcoban.vn/jquery/demo8926.html]
[webcoban.vn/jquery/demofcb5.html]
[webcoban.vn/jquery/demo1556.html]
[webcoban.vn/jquery/demo3011.html]
[webcoban.vn/jquery/demoa341.html]
[webcoban.vn/jquery/demo309f.html]
[webcoban.vn/jquery/demod534.html]
[webcoban.vn/jquery/demo69ef.html]
[webcoban.vn/jquery/demo5374.html]
[webcoban.vn/jquery/demo26a6.html]
[webcoban.vn/jquery/demo7be5.html]
[webcoban.vn/jquery/demo56df.html]
[webcoban.vn/jquery/demoba76.html]
[webcoban.vn/jquery/demo7d53.html]
[webcoban.vn/jquery/demo97f2.html]
[webcoban.vn/jquery/demoe4ec.html]
[webcoban.vn/jquery/demod044.html]
[webcoban.vn/jquery/demoa927.html]
[webcoban.vn/jquery/demof37c.html]
[webcoban.vn/jquery/demo0250.html]
[webcoban.vn/jquery/demo6cda.html]
[webcoban.vn/jquery/demo4910.html]
[webcoban.vn/jquery/demo4304.html]
[webcoban.vn/jquery/demo3d6d.html]
[webcoban.vn/jquery/demo39e7.html]
[webcoban.vn/jquery/demo5762.html]
[webcoban.vn/jquery/demo21a0.html]
[webcoban.vn/jquery/demodbcf.html]
[webcoban.vn/jquery/demodf83.html]
[webcoban.vn/jquery/demo6597.html]
[webcoban.vn/jquery/demo2968.html]
[webcoban.vn/jquery/demoda0a.html]
[webcoban.vn/jquery/demo3c9d.html]
[webcoban.vn/php/demo8142.html]
[webcoban.vn/php/demo6451.html]
[webcoban.vn/php/demo5eb4.html]
[webcoban.vn/php/demo3e58.html]
[webcoban.vn/php/demo8f53.html]
[webcoban.vn/php/demo46cd.html]
[webcoban.vn/php/demo8ad2.html]
[webcoban.vn/php/democbad.html]
[webcoban.vn/php/demo5114.html]
[webcoban.vn/php/demoe3eb.html]
[webcoban.vn/php/demoba6a.html]
[webcoban.vn/php/demo83c0.html]
[webcoban.vn/php/demoe5e4.html]
[webcoban.vn/php/demo767c.html]
[webcoban.vn/php/demo9238.html]
[webcoban.vn/php/demof526.html]
[webcoban.vn/php/demo0e7e.html]
[webcoban.vn/php/demo32ac.html]
[webcoban.vn/php/demo8f44.html]
[webcoban.vn/php/demo6e0a.html]
[webcoban.vn/php/demo17e1.html]
[webcoban.vn/php/demo15bf.html]
[webcoban.vn/php/demo4061.html]
[webcoban.vn/php/demof8e2.html]
[webcoban.vn/php/demo8510.html]
[webcoban.vn/php/demoaff3.html]
[webcoban.vn/xem/lienket/620.html]
[webcoban.vn/xem/lienket/621.html]
[webcoban.vn/php/demod8f3.html]
[webcoban.vn/php/democd5e.html]
[webcoban.vn/php/demoab02.html]
[webcoban.vn/php/demo6ff6.html]
[webcoban.vn/php/demo9ae8.html]
[webcoban.vn/file/myCode_01.html]
[webcoban.vn/javascript/css/default.html]
[example.com/public/file/flower.png]
